Archive member included because of file (symbol)

startup/libea_startup_thumb.a(framework.o)
                              main.o (printf_init)
startup/libea_startup_thumb.a(startup.o)
                              (_startup)
startup/libea_startup_thumb.a(consol.o)
                              startup/libea_startup_thumb.a(framework.o) (consolInit)
irq/irq_handler.a(irq_handler.o)
                              main.o (IRQ_Test)
/cygdrive/c/Embedded/GNUARM/bin/../lib/gcc/arm-elf/4.1.1/interwork/libgcc.a(_udivsi3.o)
                              startup/libea_startup_thumb.a(consol.o) (__udivsi3)
/cygdrive/c/Embedded/GNUARM/bin/../lib/gcc/arm-elf/4.1.1/interwork/libgcc.a(_divsi3.o)
                              main.o (__divsi3)
/cygdrive/c/Embedded/GNUARM/bin/../lib/gcc/arm-elf/4.1.1/interwork/libgcc.a(_umodsi3.o)
                              startup/libea_startup_thumb.a(consol.o) (__umodsi3)
/cygdrive/c/Embedded/GNUARM/bin/../lib/gcc/arm-elf/4.1.1/interwork/libgcc.a(_dvmd_tls.o)
                              /cygdrive/c/Embedded/GNUARM/bin/../lib/gcc/arm-elf/4.1.1/interwork/libgcc.a(_udivsi3.o) (__div0)
/cygdrive/c/Embedded/GNUARM/bin/../lib/gcc/arm-elf/4.1.1/interwork/libgcc.a(_muldi3.o)
                              main.o (__muldi3)
/cygdrive/c/Embedded/GNUARM/bin/../lib/gcc/arm-elf/4.1.1/interwork/libgcc.a(_udivdi3.o)
                              main.o (__udivdi3)
/cygdrive/c/Embedded/GNUARM/bin/../lib/gcc/arm-elf/4.1.1/interwork/libgcc.a(_clz.o)
                              /cygdrive/c/Embedded/GNUARM/bin/../lib/gcc/arm-elf/4.1.1/interwork/libgcc.a(_udivdi3.o) (__clz_tab)
/cygdrive/c/Embedded/GNUARM/bin/../lib/gcc/arm-elf/4.1.1/../../../../arm-elf/lib/interwork/libc.a(atoi.o)
                              startup/libea_startup_thumb.a(consol.o) (atoi)
/cygdrive/c/Embedded/GNUARM/bin/../lib/gcc/arm-elf/4.1.1/../../../../arm-elf/lib/interwork/libc.a(memcpy.o)
                              startup/libea_startup_thumb.a(consol.o) (memcpy)
/cygdrive/c/Embedded/GNUARM/bin/../lib/gcc/arm-elf/4.1.1/../../../../arm-elf/lib/interwork/libc.a(sprintf.o)
                              main.o (sprintf)
/cygdrive/c/Embedded/GNUARM/bin/../lib/gcc/arm-elf/4.1.1/../../../../arm-elf/lib/interwork/libc.a(sscanf.o)
                              main.o (sscanf)
/cygdrive/c/Embedded/GNUARM/bin/../lib/gcc/arm-elf/4.1.1/../../../../arm-elf/lib/interwork/libc.a(strlen.o)
                              startup/libea_startup_thumb.a(consol.o) (strlen)
/cygdrive/c/Embedded/GNUARM/bin/../lib/gcc/arm-elf/4.1.1/../../../../arm-elf/lib/interwork/libc.a(strtol.o)
                              /cygdrive/c/Embedded/GNUARM/bin/../lib/gcc/arm-elf/4.1.1/../../../../arm-elf/lib/interwork/libc.a(atoi.o) (_strtol_r)
/cygdrive/c/Embedded/GNUARM/bin/../lib/gcc/arm-elf/4.1.1/../../../../arm-elf/lib/interwork/libc.a(vfprintf.o)
                              /cygdrive/c/Embedded/GNUARM/bin/../lib/gcc/arm-elf/4.1.1/../../../../arm-elf/lib/interwork/libc.a(sprintf.o) (_vfprintf_r)
/cygdrive/c/Embedded/GNUARM/bin/../lib/gcc/arm-elf/4.1.1/../../../../arm-elf/lib/interwork/libc.a(vfscanf.o)
                              /cygdrive/c/Embedded/GNUARM/bin/../lib/gcc/arm-elf/4.1.1/../../../../arm-elf/lib/interwork/libc.a(sscanf.o) (__svfscanf_r)
/cygdrive/c/Embedded/GNUARM/bin/../lib/gcc/arm-elf/4.1.1/../../../../arm-elf/lib/interwork/libc.a(wcrtomb.o)
                              /cygdrive/c/Embedded/GNUARM/bin/../lib/gcc/arm-elf/4.1.1/../../../../arm-elf/lib/interwork/libc.a(vfprintf.o) (_wcrtomb_r)
/cygdrive/c/Embedded/GNUARM/bin/../lib/gcc/arm-elf/4.1.1/../../../../arm-elf/lib/interwork/libc.a(wcsrtombs.o)
                              /cygdrive/c/Embedded/GNUARM/bin/../lib/gcc/arm-elf/4.1.1/../../../../arm-elf/lib/interwork/libc.a(vfprintf.o) (_wcsrtombs_r)
/cygdrive/c/Embedded/GNUARM/bin/../lib/gcc/arm-elf/4.1.1/../../../../arm-elf/lib/interwork/libc.a(wctomb_r.o)
                              /cygdrive/c/Embedded/GNUARM/bin/../lib/gcc/arm-elf/4.1.1/../../../../arm-elf/lib/interwork/libc.a(wcrtomb.o) (_wctomb_r)
/cygdrive/c/Embedded/GNUARM/bin/../lib/gcc/arm-elf/4.1.1/../../../../arm-elf/lib/interwork/libc.a(wsetup.o)
                              /cygdrive/c/Embedded/GNUARM/bin/../lib/gcc/arm-elf/4.1.1/../../../../arm-elf/lib/interwork/libc.a(vfprintf.o) (__swsetup)
/cygdrive/c/Embedded/GNUARM/bin/../lib/gcc/arm-elf/4.1.1/../../../../arm-elf/lib/interwork/libc.a(ctype_.o)
                              /cygdrive/c/Embedded/GNUARM/bin/../lib/gcc/arm-elf/4.1.1/../../../../arm-elf/lib/interwork/libc.a(strtol.o) (__ctype_ptr)
/cygdrive/c/Embedded/GNUARM/bin/../lib/gcc/arm-elf/4.1.1/../../../../arm-elf/lib/interwork/libc.a(dtoa.o)
                              /cygdrive/c/Embedded/GNUARM/bin/../lib/gcc/arm-elf/4.1.1/../../../../arm-elf/lib/interwork/libc.a(vfprintf.o) (_dtoa_r)
/cygdrive/c/Embedded/GNUARM/bin/../lib/gcc/arm-elf/4.1.1/../../../../arm-elf/lib/interwork/libc.a(fflush.o)
[...]
Memory Configuration

Name             Origin             Length             Attributes
FLASH            0x00000000         0x00080000         xr
RAM              0x40000000         0x00008000         rw
*default*        0x00000000         0xffffffff

Linker script and memory map

LOAD main.o
LOAD lcd.o
LOAD lcd_hw.o
LOAD additional.o
LOAD adc.o
LOAD eeprom.o
LOAD i2c.o
LOAD startup/libea_startup_thumb.a
LOAD irq/irq_handler.a
LOAD pre_emptive_os/pre_emptive_os.a
START GROUP
LOAD /cygdrive/c/Embedded/GNUARM/bin/../lib/gcc/arm-elf/4.1.1/interwork/libgcc.a
LOAD /cygdrive/c/Embedded/GNUARM/bin/../lib/gcc/arm-elf/4.1.1/../../../../arm-elf/lib/interwork/libc.a
END GROUP

.text           0x00000000     0xf7c0
 *startup.o(.text)
 .text          0x00000000      0x1bc startup/libea_startup_thumb.a(startup.o)
                0x00000000                _startup
 *(.text)
 .text          0x000001bc      0x7fc main.o
                0x000003c0                game
                0x00000990                appTick
                0x0000075c                main
                0x00000388                wczytaj_wynik
                0x000002e8                zapisz_wynik
 .text          0x000009b8      0x9d0 lcd.o
                0x00000b48                lcdColor
                0x00001034                lcdWindow
                0x00000ab4                lcdClrscr
                0x00000c84                lcdRectBrd
                0x00001294                lcdPutchar
                0x00000b7c                lcdContrast
                0x00000b24                lcdOff
                0x000009b8                lcdInit
                0x00000e18                lcdIcon
                0x00001144                lcdData
                0x00001364                lcdWrdata
                0x00000bb0                lcdRect
                0x00001340                lcdWrcmd
                0x00001308                lcdPuts
                0x00000fec                lcdGotoxy
 .text          0x00001388      0x11c lcd_hw.o
                0x00001388                sendToLCD
                0x00001428                initSpiForLcd
                0x00001470                selectLCD
 .text          0x000014a4       0xd8 additional.o
                0x000014a4                mdelay
                0x00001510                sdelay
 .text          0x0000157c       0xb4 adc.o
                0x0000157c                getAnalogueInput
                0x000015dc                initAdc
 .text          0x00001630      0x7b4 eeprom.o
                0x00001b64                pca9532
                0x00001a5c                eepromWrite
                0x00001630                eepromPoll
                0x000018ec                eepromPageRead
                0x00001700                eepromStartRead
 .text          0x00001de4      0x85c i2c.o
                0x00001e24                i2cInit
                0x0000248c                i2cRead
                0x00002334                i2cWriteWithWait
                0x00001ed8                i2cStart
                0x00001fe8                i2cStop
                0x00001de4                i2cCheckStatus
                0x00002094                i2cGetChar
                0x00001f5c                i2cRepeatStart
                0x00002140                i2cWrite
                0x000022e8                i2cWaitTransmit
                0x000023ac                i2cMyWrite
                0x00002030                i2cPutChar
 .text          0x00002640      0x48c startup/libea_startup_thumb.a(framework.o)
                0x00002a28                printf_init
                0x0000283c                lowLevelInit
                0x000027a8                exceptionHandlerInit
 .text          0x00002acc      0xdd8 startup/libea_startup_thumb.a(consol.o)
                0x00003454                consolGetIntNum
                0x00002ff0                consolSendCh
                0x000033a0                consolGetString
                0x00003088                consolSendNumber
                0x000032e4                consolGetCh
                0x00002fa0                consolSendChar
                0x000032a4                simplePrintf
                0x00003034                consolSendString
                0x000036e4                consolScanf
                0x0000332c                consolGetChar
                0x00002ef8                consolInit
 .text          0x000038a4       0xb4 irq/irq_handler.a(irq_handler.o)
                0x000038a4                IRQ_Test
 .text          0x00003958      0x114 /cygdrive/c/Embedded/GNUARM/bin/../lib/gcc/arm-elf/4.1.1/interwork/libgcc.a(_udivsi3.o)
                0x00003958                __udivsi3
                0x00003958                __aeabi_uidiv
                0x00003a54                __aeabi_uidivmod
 .text          0x00003a6c      0x144 /cygdrive/c/Embedded/GNUARM/bin/../lib/gcc/arm-elf/4.1.1/interwork/libgcc.a(_divsi3.o)
                0x00003a6c                __aeabi_idiv
                0x00003a6c                __divsi3
                0x00003b98                __aeabi_idivmod
 .text          0x00003bb0       0xd0 /cygdrive/c/Embedded/GNUARM/bin/../lib/gcc/arm-elf/4.1.1/interwork/libgcc.a(_umodsi3.o)
                0x00003bb0                __umodsi3
 .text          0x00003c80        0x4 /cygdrive/c/Embedded/GNUARM/bin/../lib/gcc/arm-elf/4.1.1/interwork/libgcc.a(_dvmd_tls.o)
                0x00003c80                __aeabi_ldiv0
                0x00003c80                __div0
                0x00003c80                __aeabi_idiv0
 .text          0x00003c84       0x54 /cygdrive/c/Embedded/GNUARM/bin/../lib/gcc/arm-elf/4.1.1/interwork/libgcc.a(_muldi3.o)
                0x00003c84                __muldi3
 .text          0x00003cd8      0x530 /cygdrive/c/Embedded/GNUARM/bin/../lib/gcc/arm-elf/4.1.1/interwork/libgcc.a(_udivdi3.o)
                0x00003cd8                __udivdi3
 .text          0x00004208        0x0 /cygdrive/c/Embedded/GNUARM/bin/../lib/gcc/arm-elf/4.1.1/interwork/libgcc.a(_clz.o)
 .text          0x00004208       0x30 /cygdrive/c/Embedded/GNUARM/bin/../lib/gcc/arm-elf/4.1.1/../../../../arm-elf/lib/interwork/libc.a(atoi.o)
                0x00004208                _atoi_r
                0x00004220                atoi
 .text          0x00004238       0x9c /cygdrive/c/Embedded/GNUARM/bin/../lib/gcc/arm-elf/4.1.1/../../../../arm-elf/lib/interwork/libc.a(memcpy.o)
                0x00004238                memcpy
 .text          0x000042d4       0xdc /cygdrive/c/Embedded/GNUARM/bin/../lib/gcc/arm-elf/4.1.1/../../../../arm-elf/lib/interwork/libc.a(sprintf.o)
                0x00004348                _sprintf_r
                0x000042d4                sprintf
 .text          0x000043b0      0x108 /cygdrive/c/Embedded/GNUARM/bin/../lib/gcc/arm-elf/4.1.1/../../../../arm-elf/lib/interwork/libc.a(sscanf.o)
                0x00004438                sscanf
                0x000043b8                _sscanf_r
 .text          0x000044b8       0x90 /cygdrive/c/Embedded/GNUARM/bin/../lib/gcc/arm-elf/4.1.1/../../../../arm-elf/lib/interwork/libc.a(strlen.o)
                0x000044b8                strlen
 .text          0x00004548      0x1f0 /cygdrive/c/Embedded/GNUARM/bin/../lib/gcc/arm-elf/4.1.1/../../../../arm-elf/lib/interwork/libc.a(strtol.o)
                0x0000470c                strtol
                0x00004548                _strtol_r
 .text          0x00004738     0x1f8c /cygdrive/c/Embedded/GNUARM/bin/../lib/gcc/arm-elf/4.1.1/../../../../arm-elf/lib/interwork/libc.a(vfprintf.o)
                0x00004778                _vfprintf_r
                0x00006698                vfprintf
 .text          0x000066c4     0x141c /cygdrive/c/Embedded/GNUARM/bin/../lib/gcc/arm-elf/4.1.1/../../../../arm-elf/lib/interwork/libc.a(vfscanf.o)
                0x00007a1c                __svfscanf
                0x00007a48                _vfscanf_r
                0x00007a8c                vfscanf
                0x000066c4                __svfscanf_r
 .text          0x00007ae0       0x84 /cygdrive/c/Embedded/GNUARM/bin/../lib/gcc/arm-elf/4.1.1/../../../../arm-elf/lib/interwork/libc.a(wcrtomb.o)
                0x00007ae0                _wcrtomb_r
                0x00007b38                wcrtomb
 .text          0x00007b64      0x180 /cygdrive/c/Embedded/GNUARM/bin/../lib/gcc/arm-elf/4.1.1/../../../../arm-elf/lib/interwork/libc.a(wcsrtombs.o)
                0x00007b64                _wcsrtombs_r
                0x00007ca0                wcsrtombs
 .text          0x00007ce4      0x41c /cygdrive/c/Embedded/GNUARM/bin/../lib/gcc/arm-elf/4.1.1/../../../../arm-elf/lib/interwork/libc.a(wctomb_r.o)
                0x00007ce4                _wctomb_r
 .text          0x00008100      0x100 /cygdrive/c/Embedded/GNUARM/bin/../lib/gcc/arm-elf/4.1.1/../../../../arm-elf/lib/interwork/libc.a(wsetup.o)
                0x00008100                __swsetup
 .text          0x00008200        0x0 /cygdrive/c/Embedded/GNUARM/bin/../lib/gcc/arm-elf/4.1.1/../../../../arm-elf/lib/interwork/libc.a(ctype_.o)
 .text          0x00008200     0x1660 /cygdrive/c/Embedded/GNUARM/bin/../lib/gcc/arm-elf/4.1.1/../../../../arm-elf/lib/interwork/libc.a(dtoa.o)
                0x00008408                _dtoa_r
 .text          0x00009860       0xe8 /cygdrive/c/Embedded/GNUARM/bin/../lib/gcc/arm-elf/4.1.1/../../../../arm-elf/lib/interwork/libc.a(fflush.o)
                0x00009860                fflush
 .text          0x00009948      0x2a0 /cygdrive/c/Embedded/GNUARM/bin/../lib/gcc/arm-elf/4.1.1/../../../../arm-elf/lib/interwork/libc.a(findfp.o)
                0x000099b4                __sinit
                0x00009ab4                __sfmoreglue
                0x00009aa4                _cleanup
                0x00009a8c                _cleanup_r
                0x00009a68                __fp_lock_all
                0x000099a4                __sfp_lock_acquire
                0x00009b08                __sfp
                0x000099b0                __sinit_lock_release
                0x00009a44                __fp_unlock_all
                0x000099a8                __sfp_lock_release
                0x000099ac                __sinit_lock_acquire
 .text          0x00009be8      0x1d0 /cygdrive/c/Embedded/GNUARM/bin/../lib/gcc/arm-elf/4.1.1/../../../../arm-elf/lib/interwork/libc.a(fread.o)
                0x00009be8                fread
 .text          0x00009db8      0x3a4 /cygdrive/c/Embedded/GNUARM/bin/../lib/gcc/arm-elf/4.1.1/../../../../arm-elf/lib/interwork/libc.a(freer.o)
                0x00009eb8                _free_r
                0x00009db8                _malloc_trim_r
 .text          0x0000a15c      0x408 /cygdrive/c/Embedded/GNUARM/bin/../lib/gcc/arm-elf/4.1.1/../../../../arm-elf/lib/interwork/libc.a(fvwrite.o)
                0x0000a15c                __sfvwrite
 .text          0x0000a564      0x114 /cygdrive/c/Embedded/GNUARM/bin/../lib/gcc/arm-elf/4.1.1/../../../../arm-elf/lib/interwork/libc.a(fwalk.o)
                0x0000a5f0                _fwalk
                0x0000a564                _fwalk_reent
 .text          0x0000a678        0x0 /cygdrive/c/Embedded/GNUARM/bin/../lib/gcc/arm-elf/4.1.1/../../../../arm-elf/lib/interwork/libc.a(impure.o)
 .text          0x0000a678       0x24 /cygdrive/c/Embedded/GNUARM/bin/../lib/gcc/arm-elf/4.1.1/../../../../arm-elf/lib/interwork/libc.a(iswspace.o)
                0x0000a678                iswspace
 .text          0x0000a69c       0xb0 /cygdrive/c/Embedded/GNUARM/bin/../lib/gcc/arm-elf/4.1.1/../../../../arm-elf/lib/interwork/libc.a(locale.o)
                0x0000a6c8                _setlocale_r
                0x0000a69c                __locale_charset
                0x0000a6ac                _localeconv_r
                0x0000a730                setlocale
                0x0000a6b8                localeconv
 .text          0x0000a74c      0x158 /cygdrive/c/Embedded/GNUARM/bin/../lib/gcc/arm-elf/4.1.1/../../../../arm-elf/lib/interwork/libc.a(makebuf.o)
                0x0000a74c                __smakebuf
 .text          0x0000a8a4      0x774 /cygdrive/c/Embedded/GNUARM/bin/../lib/gcc/arm-elf/4.1.1/../../../../arm-elf/lib/interwork/libc.a(mallocr.o)
                0x0000a8a4                _malloc_r
 .text          0x0000b018       0xac /cygdrive/c/Embedded/GNUARM/bin/../lib/gcc/arm-elf/4.1.1/../../../../arm-elf/lib/interwork/libc.a(mbrtowc.o)
                0x0000b080                mbrtowc
                0x0000b018                _mbrtowc_r
 .text          0x0000b0c4       0x50 /cygdrive/c/Embedded/GNUARM/bin/../lib/gcc/arm-elf/4.1.1/../../../../arm-elf/lib/interwork/libc.a(mbtowc_r.o)
                0x0000b0c4                _mbtowc_r
 .text          0x0000b114      0x100 /cygdrive/c/Embedded/GNUARM/bin/../lib/gcc/arm-elf/4.1.1/../../../../arm-elf/lib/interwork/libc.a(memchr.o)
                0x0000b114                memchr
 .text          0x0000b214       0xe4 /cygdrive/c/Embedded/GNUARM/bin/../lib/gcc/arm-elf/4.1.1/../../../../arm-elf/lib/interwork/libc.a(memmove.o)
                0x0000b214                memmove
 .text          0x0000b2f8       0x98 /cygdrive/c/Embedded/GNUARM/bin/../lib/gcc/arm-elf/4.1.1/../../../../arm-elf/lib/interwork/libc.a(memset.o)
                0x0000b2f8                memset
 .text          0x0000b390        0x8 /cygdrive/c/Embedded/GNUARM/bin/../lib/gcc/arm-elf/4.1.1/../../../../arm-elf/lib/interwork/libc.a(mlock.o)
                0x0000b394                __malloc_unlock
                0x0000b390                __malloc_lock
 .text          0x0000b398      0xc00 /cygdrive/c/Embedded/GNUARM/bin/../lib/gcc/arm-elf/4.1.1/../../../../arm-elf/lib/interwork/libc.a(mprec.o)
                0x0000b690                _mprec_log10
                0x0000b3b4                _hi0bits
                0x0000b6f8                _Balloc
                0x0000b794                _d2b
                0x0000bb00                _multiply
                0x0000b614                _ratio
                0x0000beac                _s2b
                0x0000bcc4                _i2b
                0x0000b40c                _lo0bits
                0x0000b4a0                __mcmp
                0x0000bdb4                _pow5mult
                0x0000b500                _ulp
                0x0000b560                _b2d
                0x0000bce8                _multadd
                0x0000b8cc                __mdiff
                0x0000ba00                _lshift
                0x0000b398                _Bfree
 .text          0x0000bf98      0x63c /cygdrive/c/Embedded/GNUARM/bin/../lib/gcc/arm-elf/4.1.1/../../../../arm-elf/lib/interwork/libc.a(reallocr.o)
                0x0000bf98                _realloc_r
 .text          0x0000c5d4      0x1bc /cygdrive/c/Embedded/GNUARM/bin/../lib/gcc/arm-elf/4.1.1/../../../../arm-elf/lib/interwork/libc.a(refill.o)
                0x0000c604                __srefill
 .text          0x0000c790       0x3c /cygdrive/c/Embedded/GNUARM/bin/../lib/gcc/arm-elf/4.1.1/../../../../arm-elf/lib/interwork/libc.a(s_isinf.o)
                0x0000c790                isinf
 .text          0x0000c7cc       0x30 /cygdrive/c/Embedded/GNUARM/bin/../lib/gcc/arm-elf/4.1.1/../../../../arm-elf/lib/interwork/libc.a(s_isnan.o)
                0x0000c7cc                isnan
 .text          0x0000c7fc       0x40 /cygdrive/c/Embedded/GNUARM/bin/../lib/gcc/arm-elf/4.1.1/../../../../arm-elf/lib/interwork/libc.a(sbrkr.o)
                0x0000c7fc                _sbrk_r
 .text          0x0000c83c       0xc8 /cygdrive/c/Embedded/GNUARM/bin/../lib/gcc/arm-elf/4.1.1/../../../../arm-elf/lib/interwork/libc.a(sccl.o)
                0x0000c83c                __sccl
 .text          0x0000c904        0xc /cygdrive/c/Embedded/GNUARM/bin/../lib/gcc/arm-elf/4.1.1/../../../../arm-elf/lib/interwork/libc.a(sf_nan.o)
                0x0000c904                nanf
 .text          0x0000c910      0x118 /cygdrive/c/Embedded/GNUARM/bin/../lib/gcc/arm-elf/4.1.1/../../../../arm-elf/lib/interwork/libc.a(stdio.o)
                0x0000c930                __sseek
                0x0000c9e0                __sread
                0x0000c910                __sclose
                0x0000c97c                __swrite
 .text          0x0000ca28       0xd0 /cygdrive/c/Embedded/GNUARM/bin/../lib/gcc/arm-elf/4.1.1/../../../../arm-elf/lib/interwork/libc.a(strcmp.o)
                0x0000ca28                strcmp
 .text          0x0000caf8     0x1144 /cygdrive/c/Embedded/GNUARM/bin/../lib/gcc/arm-elf/4.1.1/../../../../arm-elf/lib/interwork/libc.a(strtod.o)
                0x0000caf8                _strtod_r
                0x0000dc20                strtod
                0x0000dbcc                strtof
 .text          0x0000dc3c      0x1e8 /cygdrive/c/Embedded/GNUARM/bin/../lib/gcc/arm-elf/4.1.1/../../../../arm-elf/lib/interwork/libc.a(strtoul.o)
                0x0000ddf8                strtoul
                0x0000dc3c                _strtoul_r
 .text          0x0000de24      0x748 /cygdrive/c/Embedded/GNUARM/bin/../lib/gcc/arm-elf/4.1.1/../../../../arm-elf/lib/interwork/libc.a(syscalls.o)
                0x0000de54                _getpid
                0x0000e3d4                initialise_monitor_handles
                0x0000de70                isatty
                0x0000df54                _fstat
                0x0000e360                _open
                0x0000debc                _sbrk
                0x0000de6c                _raise
                0x0000e494                _times
                0x0000e380                _stat
                0x0000e1fc                _lseek
                0x0000de5c                _link
                0x0000e068                _swiwrite
                0x0000de78                _rename
                0x0000e118                _swilseek
                0x0000e008                _swiclose
                0x0000e2b4                _swiopen
                0x0000de64                _unlink
                0x0000e0a8                _write
                0x0000e520                _kill
                0x0000e4d4                _gettimeofday
                0x0000e24c                _read
                0x0000e54c                _exit
                0x0000de94                _system
                0x0000e20c                _swiread
                0x0000e058                _close
 .text          0x0000e56c      0x24c /cygdrive/c/Embedded/GNUARM/bin/../lib/gcc/arm-elf/4.1.1/../../../../arm-elf/lib/interwork/libc.a(ungetc.o)
                0x0000e79c                ungetc
                0x0000e56c                __submore
                0x0000e620                _ungetc_r
 .text          0x0000e7b8       0x44 /cygdrive/c/Embedded/GNUARM/bin/../lib/gcc/arm-elf/4.1.1/../../../../arm-elf/lib/interwork/libc.a(writer.o)
                0x0000e7b8                _write_r
 .text          0x0000e7fc       0xa0 /cygdrive/c/Embedded/GNUARM/bin/../lib/gcc/arm-elf/4.1.1/../../../../arm-elf/lib/interwork/libc.a(callocr.o)
                0x0000e7fc                _calloc_r
 .text          0x0000e89c       0x3c /cygdrive/c/Embedded/GNUARM/bin/../lib/gcc/arm-elf/4.1.1/../../../../arm-elf/lib/interwork/libc.a(closer.o)
                0x0000e89c                _close_r
 .text          0x0000e8d8       0x10 /cygdrive/c/Embedded/GNUARM/bin/../lib/gcc/arm-elf/4.1.1/../../../../arm-elf/lib/interwork/libc.a(errno.o)
                0x0000e8d8                __errno
 .text          0x0000e8e8      0x12c /cygdrive/c/Embedded/GNUARM/bin/../lib/gcc/arm-elf/4.1.1/../../../../arm-elf/lib/interwork/libc.a(fclose.o)
                0x0000e8e8                _fclose_r
                0x0000ea00                fclose
 .text          0x0000ea14       0x40 /cygdrive/c/Embedded/GNUARM/bin/../lib/gcc/arm-elf/4.1.1/../../../../arm-elf/lib/interwork/libc.a(fstatr.o)
                0x0000ea14                _fstat_r
 .text          0x0000ea54       0x44 /cygdrive/c/Embedded/GNUARM/bin/../lib/gcc/arm-elf/4.1.1/../../../../arm-elf/lib/interwork/libc.a(lseekr.o)
                0x0000ea54                _lseek_r
 .text          0x0000ea98       0x44 /cygdrive/c/Embedded/GNUARM/bin/../lib/gcc/arm-elf/4.1.1/../../../../arm-elf/lib/interwork/libc.a(readr.o)
                0x0000ea98                _read_r
 .text          0x0000eadc      0x18c /cygdrive/c/Embedded/GNUARM/bin/../lib/gcc/arm-elf/4.1.1/../../../../arm-elf/lib/interwork/libc.a(reent.o)
                0x0000eb58                cleanup_glue
                0x0000eb84                _reclaim_reent
                0x0000eadc                _wrapup_reent
 .text          0x0000ec68       0x20 /cygdrive/c/Embedded/GNUARM/bin/../lib/gcc/arm-elf/4.1.1/../../../../arm-elf/lib/interwork/libc.a(s_nan.o)
                0x0000ec68                nan
 .text          0x0000ec88      0x430 /cygdrive/c/Embedded/GNUARM/bin/../lib/gcc/arm-elf/4.1.1/interwork/libgcc.a(_addsubdf3.o)
                0x0000f04c                __floatdidf
                0x0000efcc                __floatsidf
                0x0000efa4                __aeabi_ui2d
                0x0000ec88                __aeabi_drsub
                0x0000eff8                __extendsfdf2
                0x0000ec94                __adddf3
                0x0000efa4                __floatunsidf
                0x0000ec94                __aeabi_dadd
                0x0000f038                __aeabi_ul2d
                0x0000ec90                __aeabi_dsub
                0x0000f038                __floatundidf
                0x0000efcc                __aeabi_i2d
                0x0000f04c                __aeabi_l2d
                0x0000eff8                __aeabi_f2d
                0x0000ec90                __subdf3
 .text          0x0000f0b8      0x49c /cygdrive/c/Embedded/GNUARM/bin/../lib/gcc/arm-elf/4.1.1/interwork/libgcc.a(_muldivdf3.o)
                0x0000f348                __aeabi_ddiv
                0x0000f0b8                __aeabi_dmul
                0x0000f348                __divdf3
                0x0000f0b8                __muldf3
 .text          0x0000f554      0x140 /cygdrive/c/Embedded/GNUARM/bin/../lib/gcc/arm-elf/4.1.1/interwork/libgcc.a(_cmpdf2.o)
                0x0000f64c                __aeabi_dcmple
                0x0000f564                __cmpdf2
                0x0000f564                __eqdf2
                0x0000f554                __gtdf2
                0x0000f604                __aeabi_cdcmple
                0x0000f5e8                __aeabi_cdrcmple
                0x0000f55c                __ltdf2
                0x0000f634                __aeabi_dcmplt
                0x0000f55c                __ledf2
                0x0000f67c                __aeabi_dcmpgt
                0x0000f664                __aeabi_dcmpge
                0x0000f564                __nedf2
                0x0000f61c                __aeabi_dcmpeq
                0x0000f604                __aeabi_cdcmpeq
                0x0000f554                __gedf2
 .text          0x0000f694       0x5c /cygdrive/c/Embedded/GNUARM/bin/../lib/gcc/arm-elf/4.1.1/interwork/libgcc.a(_fixdfsi.o)
                0x0000f694                __fixdfsi
                0x0000f694                __aeabi_d2iz
 .text          0x0000f6f0       0xa0 /cygdrive/c/Embedded/GNUARM/bin/../lib/gcc/arm-elf/4.1.1/interwork/libgcc.a(_truncdfsf2.o)
                0x0000f6f0                __aeabi_d2f
                0x0000f6f0                __truncdfsf2
 *(.glue_7)
 .glue_7        0x0000f790        0x0 main.o
 .glue_7        0x0000f790        0x0 lcd.o
 .glue_7        0x0000f790        0x0 lcd_hw.o
 .glue_7        0x0000f790        0x0 additional.o
 .glue_7        0x0000f790        0x0 adc.o
 .glue_7        0x0000f790        0x0 eeprom.o
 .glue_7        0x0000f790        0x0 i2c.o
 .glue_7        0x0000f790        0x0 startup/libea_startup_thumb.a(framework.o)
 .glue_7        0x0000f790        0x0 startup/libea_startup_thumb.a(startup.o)
 .glue_7        0x0000f790        0x0 startup/libea_startup_thumb.a(consol.o)
 .glue_7        0x0000f790        0x0 irq/irq_handler.a(irq_handler.o)
 .glue_7        0x0000f790        0x0 /cygdrive/c/Embedded/GNUARM/bin/../lib/gcc/arm-elf/4.1.1/interwork/libgcc.a(_udivsi3.o)
 .glue_7        0x0000f790        0x0 /cygdrive/c/Embedded/GNUARM/bin/../lib/gcc/arm-elf/4.1.1/interwork/libgcc.a(_divsi3.o)
 .glue_7        0x0000f790        0x0 /cygdrive/c/Embedded/GNUARM/bin/../lib/gcc/arm-elf/4.1.1/interwork/libgcc.a(_umodsi3.o)
 .glue_7        0x0000f790        0x0 /cygdrive/c/Embedded/GNUARM/bin/../lib/gcc/arm-elf/4.1.1/interwork/libgcc.a(_dvmd_tls.o)
 .glue_7        0x0000f790        0x0 /cygdrive/c/Embedded/GNUARM/bin/../lib/gcc/arm-elf/4.1.1/interwork/libgcc.a(_muldi3.o)
 .glue_7        0x0000f790        0x0 /cygdrive/c/Embedded/GNUARM/bin/../lib/gcc/arm-elf/4.1.1/interwork/libgcc.a(_udivdi3.o)
 .glue_7        0x0000f790        0x0 /cygdrive/c/Embedded/GNUARM/bin/../lib/gcc/arm-elf/4.1.1/interwork/libgcc.a(_clz.o)
 .glue_7        0x0000f790        0x0 /cygdrive/c/Embedded/GNUARM/bin/../lib/gcc/arm-elf/4.1.1/../../../../arm-elf/lib/interwork/libc.a(atoi.o)
 .glue_7        0x0000f790        0x0 /cygdrive/c/Embedded/GNUARM/bin/../lib/gcc/arm-elf/4.1.1/../../../../arm-elf/lib/interwork/libc.a(memcpy.o)
 .glue_7        0x0000f790        0x0 /cygdrive/c/Embedded/GNUARM/bin/../lib/gcc/arm-elf/4.1.1/../../../../arm-elf/lib/interwork/libc.a(sprintf.o)
 .glue_7        0x0000f790        0x0 /cygdrive/c/Embedded/GNUARM/bin/../lib/gcc/arm-elf/4.1.1/../../../../arm-elf/lib/interwork/libc.a(sscanf.o)
 .glue_7        0x0000f790        0x0 /cygdrive/c/Embedded/GNUARM/bin/../lib/gcc/arm-elf/4.1.1/../../../../arm-elf/lib/interwork/libc.a(strlen.o)
 .glue_7        0x0000f790        0x0 /cygdrive/c/Embedded/GNUARM/bin/../lib/gcc/arm-elf/4.1.1/../../../../arm-elf/lib/interwork/libc.a(strtol.o)
 .glue_7        0x0000f790        0x0 /cygdrive/c/Embedded/GNUARM/bin/../lib/gcc/arm-elf/4.1.1/../../../../arm-elf/lib/interwork/libc.a(vfprintf.o)
 .glue_7        0x0000f790        0x0 /cygdrive/c/Embedded/GNUARM/bin/../lib/gcc/arm-elf/4.1.1/../../../../arm-elf/lib/interwork/libc.a(vfscanf.o)
 .glue_7        0x0000f790        0x0 /cygdrive/c/Embedded/GNUARM/bin/../lib/gcc/arm-elf/4.1.1/../../../../arm-elf/lib/interwork/libc.a(wcrtomb.o)
 .glue_7        0x0000f790        0x0 /cygdrive/c/Embedded/GNUARM/bin/../lib/gcc/arm-elf/4.1.1/../../../../arm-elf/lib/interwork/libc.a(wcsrtombs.o)
 .glue_7        0x0000f790        0x0 /cygdrive/c/Embedded/GNUARM/bin/../lib/gcc/arm-elf/4.1.1/../../../../arm-elf/lib/interwork/libc.a(wctomb_r.o)
 .glue_7        0x0000f790        0x0 /cygdrive/c/Embedded/GNUARM/bin/../lib/gcc/arm-elf/4.1.1/../../../../arm-elf/lib/interwork/libc.a(wsetup.o)
 .glue_7        0x0000f790        0x0 /cygdrive/c/Embedded/GNUARM/bin/../lib/gcc/arm-elf/4.1.1/../../../../arm-elf/lib/interwork/libc.a(ctype_.o)
 .glue_7        0x0000f790        0x0 /cygdrive/c/Embedded/GNUARM/bin/../lib/gcc/arm-elf/4.1.1/../../../../arm-elf/lib/interwork/libc.a(dtoa.o)
 .glue_7        0x0000f790        0x0 /cygdrive/c/Embedded/GNUARM/bin/../lib/gcc/arm-elf/4.1.1/../../../../arm-elf/lib/interwork/libc.a(fflush.o)
 .glue_7        0x0000f790        0x0 /cygdrive/c/Embedded/GNUARM/bin/../lib/gcc/arm-elf/4.1.1/../../../../arm-elf/lib/interwork/libc.a(findfp.o)
 .glue_7        0x0000f790        0x0 /cygdrive/c/Embedded/GNUARM/bin/../lib/gcc/arm-elf/4.1.1/../../../../arm-elf/lib/interwork/libc.a(fread.o)
 .glue_7        0x0000f790        0x0 /cygdrive/c/Embedded/GNUARM/bin/../lib/gcc/arm-elf/4.1.1/../../../../arm-elf/lib/interwork/libc.a(freer.o)
 .glue_7        0x0000f790        0x0 /cygdrive/c/Embedded/GNUARM/bin/../lib/gcc/arm-elf/4.1.1/../../../../arm-elf/lib/interwork/libc.a(fvwrite.o)
 .glue_7        0x0000f790        0x0 /cygdrive/c/Embedded/GNUARM/bin/../lib/gcc/arm-elf/4.1.1/../../../../arm-elf/lib/interwork/libc.a(fwalk.o)
 .glue_7        0x0000f790        0x0 /cygdrive/c/Embedded/GNUARM/bin/../lib/gcc/arm-elf/4.1.1/../../../../arm-elf/lib/interwork/libc.a(impure.o)
 .glue_7        0x0000f790        0x0 /cygdrive/c/Embedded/GNUARM/bin/../lib/gcc/arm-elf/4.1.1/../../../../arm-elf/lib/interwork/libc.a(iswspace.o)
 .glue_7        0x0000f790        0x0 /cygdrive/c/Embedded/GNUARM/bin/../lib/gcc/arm-elf/4.1.1/../../../../arm-elf/lib/interwork/libc.a(locale.o)
 .glue_7        0x0000f790        0x0 /cygdrive/c/Embedded/GNUARM/bin/../lib/gcc/arm-elf/4.1.1/../../../../arm-elf/lib/interwork/libc.a(makebuf.o)
 .glue_7        0x0000f790        0x0 /cygdrive/c/Embedded/GNUARM/bin/../lib/gcc/arm-elf/4.1.1/../../../../arm-elf/lib/interwork/libc.a(mallocr.o)
 .glue_7        0x0000f790        0x0 /cygdrive/c/Embedded/GNUARM/bin/../lib/gcc/arm-elf/4.1.1/../../../../arm-elf/lib/interwork/libc.a(mbrtowc.o)
 .glue_7        0x0000f790        0x0 /cygdrive/c/Embedded/GNUARM/bin/../lib/gcc/arm-elf/4.1.1/../../../../arm-elf/lib/interwork/libc.a(mbtowc_r.o)
 .glue_7        0x0000f790        0x0 /cygdrive/c/Embedded/GNUARM/bin/../lib/gcc/arm-elf/4.1.1/../../../../arm-elf/lib/interwork/libc.a(memchr.o)
 .glue_7        0x0000f790        0x0 /cygdrive/c/Embedded/GNUARM/bin/../lib/gcc/arm-elf/4.1.1/../../../../arm-elf/lib/interwork/libc.a(memmove.o)
 .glue_7        0x0000f790        0x0 /cygdrive/c/Embedded/GNUARM/bin/../lib/gcc/arm-elf/4.1.1/../../../../arm-elf/lib/interwork/libc.a(memset.o)
 .glue_7        0x0000f790        0x0 /cygdrive/c/Embedded/GNUARM/bin/../lib/gcc/arm-elf/4.1.1/../../../../arm-elf/lib/interwork/libc.a(mlock.o)
 .glue_7        0x0000f790        0x0 /cygdrive/c/Embedded/GNUARM/bin/../lib/gcc/arm-elf/4.1.1/../../../../arm-elf/lib/interwork/libc.a(mprec.o)
 .glue_7        0x0000f790        0x0 /cygdrive/c/Embedded/GNUARM/bin/../lib/gcc/arm-elf/4.1.1/../../../../arm-elf/lib/interwork/libc.a(reallocr.o)
 .glue_7        0x0000f790        0x0 /cygdrive/c/Embedded/GNUARM/bin/../lib/gcc/arm-elf/4.1.1/../../../../arm-elf/lib/interwork/libc.a(refill.o)
 .glue_7        0x0000f790        0x0 /cygdrive/c/Embedded/GNUARM/bin/../lib/gcc/arm-elf/4.1.1/../../../../arm-elf/lib/interwork/libc.a(s_isinf.o)
 .glue_7        0x0000f790        0x0 /cygdrive/c/Embedded/GNUARM/bin/../lib/gcc/arm-elf/4.1.1/../../../../arm-elf/lib/interwork/libc.a(s_isnan.o)
 .glue_7        0x0000f790        0x0 /cygdrive/c/Embedded/GNUARM/bin/../lib/gcc/arm-elf/4.1.1/../../../../arm-elf/lib/interwork/libc.a(sbrkr.o)
 .glue_7        0x0000f790        0x0 /cygdrive/c/Embedded/GNUARM/bin/../lib/gcc/arm-elf/4.1.1/../../../../arm-elf/lib/interwork/libc.a(sccl.o)
 .glue_7        0x0000f790        0x0 /cygdrive/c/Embedded/GNUARM/bin/../lib/gcc/arm-elf/4.1.1/../../../../arm-elf/lib/interwork/libc.a(sf_nan.o)
 .glue_7        0x0000f790        0x0 /cygdrive/c/Embedded/GNUARM/bin/../lib/gcc/arm-elf/4.1.1/../../../../arm-elf/lib/interwork/libc.a(stdio.o)
 .glue_7        0x0000f790        0x0 /cygdrive/c/Embedded/GNUARM/bin/../lib/gcc/arm-elf/4.1.1/../../../../arm-elf/lib/interwork/libc.a(strcmp.o)
 .glue_7        0x0000f790        0x0 /cygdrive/c/Embedded/GNUARM/bin/../lib/gcc/arm-elf/4.1.1/../../../../arm-elf/lib/interwork/libc.a(strtod.o)
 .glue_7        0x0000f790        0x0 /cygdrive/c/Embedded/GNUARM/bin/../lib/gcc/arm-elf/4.1.1/../../../../arm-elf/lib/interwork/libc.a(strtoul.o)
 .glue_7        0x0000f790        0x0 /cygdrive/c/Embedded/GNUARM/bin/../lib/gcc/arm-elf/4.1.1/../../../../arm-elf/lib/interwork/libc.a(syscalls.o)
 .glue_7        0x0000f790        0x0 /cygdrive/c/Embedded/GNUARM/bin/../lib/gcc/arm-elf/4.1.1/../../../../arm-elf/lib/interwork/libc.a(ungetc.o)
 .glue_7        0x0000f790        0x0 /cygdrive/c/Embedded/GNUARM/bin/../lib/gcc/arm-elf/4.1.1/../../../../arm-elf/lib/interwork/libc.a(writer.o)
 .glue_7        0x0000f790        0x0 /cygdrive/c/Embedded/GNUARM/bin/../lib/gcc/arm-elf/4.1.1/../../../../arm-elf/lib/interwork/libc.a(callocr.o)
 .glue_7        0x0000f790        0x0 /cygdrive/c/Embedded/GNUARM/bin/../lib/gcc/arm-elf/4.1.1/../../../../arm-elf/lib/interwork/libc.a(closer.o)
 .glue_7        0x0000f790        0x0 /cygdrive/c/Embedded/GNUARM/bin/../lib/gcc/arm-elf/4.1.1/../../../../arm-elf/lib/interwork/libc.a(errno.o)
 .glue_7        0x0000f790        0x0 /cygdrive/c/Embedded/GNUARM/bin/../lib/gcc/arm-elf/4.1.1/../../../../arm-elf/lib/interwork/libc.a(fclose.o)
 .glue_7        0x0000f790        0x0 /cygdrive/c/Embedded/GNUARM/bin/../lib/gcc/arm-elf/4.1.1/../../../../arm-elf/lib/interwork/libc.a(fstatr.o)
 .glue_7        0x0000f790        0x0 /cygdrive/c/Embedded/GNUARM/bin/../lib/gcc/arm-elf/4.1.1/../../../../arm-elf/lib/interwork/libc.a(lseekr.o)
 .glue_7        0x0000f790        0x0 /cygdrive/c/Embedded/GNUARM/bin/../lib/gcc/arm-elf/4.1.1/../../../../arm-elf/lib/interwork/libc.a(readr.o)
 .glue_7        0x0000f790        0x0 /cygdrive/c/Embedded/GNUARM/bin/../lib/gcc/arm-elf/4.1.1/../../../../arm-elf/lib/interwork/libc.a(reent.o)
 .glue_7        0x0000f790        0x0 /cygdrive/c/Embedded/GNUARM/bin/../lib/gcc/arm-elf/4.1.1/../../../../arm-elf/lib/interwork/libc.a(s_nan.o)
 .glue_7        0x0000f790        0x0 /cygdrive/c/Embedded/GNUARM/bin/../lib/gcc/arm-elf/4.1.1/interwork/libgcc.a(_addsubdf3.o)
 .glue_7        0x0000f790        0x0 /cygdrive/c/Embedded/GNUARM/bin/../lib/gcc/arm-elf/4.1.1/interwork/libgcc.a(_muldivdf3.o)
 .glue_7        0x0000f790        0x0 /cygdrive/c/Embedded/GNUARM/bin/../lib/gcc/arm-elf/4.1.1/interwork/libgcc.a(_cmpdf2.o)
 .glue_7        0x0000f790        0x0 /cygdrive/c/Embedded/GNUARM/bin/../lib/gcc/arm-elf/4.1.1/interwork/libgcc.a(_fixdfsi.o)
 .glue_7        0x0000f790        0x0 /cygdrive/c/Embedded/GNUARM/bin/../lib/gcc/arm-elf/4.1.1/interwork/libgcc.a(_truncdfsf2.o)
 *(.glue_7t)
 .glue_7t       0x0000f790        0x0 main.o
 .glue_7t       0x0000f790        0x0 lcd.o
 .glue_7t       0x0000f790        0x0 lcd_hw.o
 .glue_7t       0x0000f790        0x0 additional.o
 .glue_7t       0x0000f790        0x0 adc.o
 .glue_7t       0x0000f790        0x0 eeprom.o
 .glue_7t       0x0000f790        0x0 i2c.o
 .glue_7t       0x0000f790        0x0 startup/libea_startup_thumb.a(framework.o)
 .glue_7t       0x0000f790        0x0 startup/libea_startup_thumb.a(startup.o)
 .glue_7t       0x0000f790        0x0 startup/libea_startup_thumb.a(consol.o)
 .glue_7t       0x0000f790        0x0 irq/irq_handler.a(irq_handler.o)
 .glue_7t       0x0000f790        0x0 /cygdrive/c/Embedded/GNUARM/bin/../lib/gcc/arm-elf/4.1.1/interwork/libgcc.a(_udivsi3.o)
 .glue_7t       0x0000f790        0x0 /cygdrive/c/Embedded/GNUARM/bin/../lib/gcc/arm-elf/4.1.1/interwork/libgcc.a(_divsi3.o)
 .glue_7t       0x0000f790        0x0 /cygdrive/c/Embedded/GNUARM/bin/../lib/gcc/arm-elf/4.1.1/interwork/libgcc.a(_umodsi3.o)
 .glue_7t       0x0000f790        0x0 /cygdrive/c/Embedded/GNUARM/bin/../lib/gcc/arm-elf/4.1.1/interwork/libgcc.a(_dvmd_tls.o)
 .glue_7t       0x0000f790        0x0 /cygdrive/c/Embedded/GNUARM/bin/../lib/gcc/arm-elf/4.1.1/interwork/libgcc.a(_muldi3.o)
 .glue_7t       0x0000f790        0x0 /cygdrive/c/Embedded/GNUARM/bin/../lib/gcc/arm-elf/4.1.1/interwork/libgcc.a(_udivdi3.o)
 .glue_7t       0x0000f790        0x0 /cygdrive/c/Embedded/GNUARM/bin/../lib/gcc/arm-elf/4.1.1/interwork/libgcc.a(_clz.o)
 .glue_7t       0x0000f790        0x0 /cygdrive/c/Embedded/GNUARM/bin/../lib/gcc/arm-elf/4.1.1/../../../../arm-elf/lib/interwork/libc.a(atoi.o)
 .glue_7t       0x0000f790        0x0 /cygdrive/c/Embedded/GNUARM/bin/../lib/gcc/arm-elf/4.1.1/../../../../arm-elf/lib/interwork/libc.a(memcpy.o)
 .glue_7t       0x0000f790        0x0 /cygdrive/c/Embedded/GNUARM/bin/../lib/gcc/arm-elf/4.1.1/../../../../arm-elf/lib/interwork/libc.a(sprintf.o)
 .glue_7t       0x0000f790        0x0 /cygdrive/c/Embedded/GNUARM/bin/../lib/gcc/arm-elf/4.1.1/../../../../arm-elf/lib/interwork/libc.a(sscanf.o)
 .glue_7t       0x0000f790        0x0 /cygdrive/c/Embedded/GNUARM/bin/../lib/gcc/arm-elf/4.1.1/../../../../arm-elf/lib/interwork/libc.a(strlen.o)
 .glue_7t       0x0000f790        0x0 /cygdrive/c/Embedded/GNUARM/bin/../lib/gcc/arm-elf/4.1.1/../../../../arm-elf/lib/interwork/libc.a(strtol.o)
 .glue_7t       0x0000f790        0x0 /cygdrive/c/Embedded/GNUARM/bin/../lib/gcc/arm-elf/4.1.1/../../../../arm-elf/lib/interwork/libc.a(vfprintf.o)
 .glue_7t       0x0000f790        0x0 /cygdrive/c/Embedded/GNUARM/bin/../lib/gcc/arm-elf/4.1.1/../../../../arm-elf/lib/interwork/libc.a(vfscanf.o)
 .glue_7t       0x0000f790        0x0 /cygdrive/c/Embedded/GNUARM/bin/../lib/gcc/arm-elf/4.1.1/../../../../arm-elf/lib/interwork/libc.a(wcrtomb.o)
 .glue_7t       0x0000f790        0x0 /cygdrive/c/Embedded/GNUARM/bin/../lib/gcc/arm-elf/4.1.1/../../../../arm-elf/lib/interwork/libc.a(wcsrtombs.o)
 .glue_7t       0x0000f790        0x0 /cygdrive/c/Embedded/GNUARM/bin/../lib/gcc/arm-elf/4.1.1/../../../../arm-elf/lib/interwork/libc.a(wctomb_r.o)
 .glue_7t       0x0000f790        0x0 /cygdrive/c/Embedded/GNUARM/bin/../lib/gcc/arm-elf/4.1.1/../../../../arm-elf/lib/interwork/libc.a(wsetup.o)
 .glue_7t       0x0000f790        0x0 /cygdrive/c/Embedded/GNUARM/bin/../lib/gcc/arm-elf/4.1.1/../../../../arm-elf/lib/interwork/libc.a(ctype_.o)
 .glue_7t       0x0000f790        0x0 /cygdrive/c/Embedded/GNUARM/bin/../lib/gcc/arm-elf/4.1.1/../../../../arm-elf/lib/interwork/libc.a(dtoa.o)
 .glue_7t       0x0000f790        0x0 /cygdrive/c/Embedded/GNUARM/bin/../lib/gcc/arm-elf/4.1.1/../../../../arm-elf/lib/interwork/libc.a(fflush.o)
 .glue_7t       0x0000f790        0x0 /cygdrive/c/Embedded/GNUARM/bin/../lib/gcc/arm-elf/4.1.1/../../../../arm-elf/lib/interwork/libc.a(findfp.o)
 .glue_7t       0x0000f790        0x0 /cygdrive/c/Embedded/GNUARM/bin/../lib/gcc/arm-elf/4.1.1/../../../../arm-elf/lib/interwork/libc.a(fread.o)
 .glue_7t       0x0000f790        0x0 /cygdrive/c/Embedded/GNUARM/bin/../lib/gcc/arm-elf/4.1.1/../../../../arm-elf/lib/interwork/libc.a(freer.o)
 .glue_7t       0x0000f790        0x0 /cygdrive/c/Embedded/GNUARM/bin/../lib/gcc/arm-elf/4.1.1/../../../../arm-elf/lib/interwork/libc.a(fvwrite.o)
 .glue_7t       0x0000f790        0x0 /cygdrive/c/Embedded/GNUARM/bin/../lib/gcc/arm-elf/4.1.1/../../../../arm-elf/lib/interwork/libc.a(fwalk.o)
 .glue_7t       0x0000f790        0x0 /cygdrive/c/Embedded/GNUARM/bin/../lib/gcc/arm-elf/4.1.1/../../../../arm-elf/lib/interwork/libc.a(impure.o)
 .glue_7t       0x0000f790        0x0 /cygdrive/c/Embedded/GNUARM/bin/../lib/gcc/arm-elf/4.1.1/../../../../arm-elf/lib/interwork/libc.a(iswspace.o)
 .glue_7t       0x0000f790        0x0 /cygdrive/c/Embedded/GNUARM/bin/../lib/gcc/arm-elf/4.1.1/../../../../arm-elf/lib/interwork/libc.a(locale.o)
 .glue_7t       0x0000f790        0x0 /cygdrive/c/Embedded/GNUARM/bin/../lib/gcc/arm-elf/4.1.1/../../../../arm-elf/lib/interwork/libc.a(makebuf.o)
 .glue_7t       0x0000f790        0x0 /cygdrive/c/Embedded/GNUARM/bin/../lib/gcc/arm-elf/4.1.1/../../../../arm-elf/lib/interwork/libc.a(mallocr.o)
 .glue_7t       0x0000f790        0x0 /cygdrive/c/Embedded/GNUARM/bin/../lib/gcc/arm-elf/4.1.1/../../../../arm-elf/lib/interwork/libc.a(mbrtowc.o)
 .glue_7t       0x0000f790        0x0 /cygdrive/c/Embedded/GNUARM/bin/../lib/gcc/arm-elf/4.1.1/../../../../arm-elf/lib/interwork/libc.a(mbtowc_r.o)
 .glue_7t       0x0000f790        0x0 /cygdrive/c/Embedded/GNUARM/bin/../lib/gcc/arm-elf/4.1.1/../../../../arm-elf/lib/interwork/libc.a(memchr.o)
 .glue_7t       0x0000f790        0x0 /cygdrive/c/Embedded/GNUARM/bin/../lib/gcc/arm-elf/4.1.1/../../../../arm-elf/lib/interwork/libc.a(memmove.o)
 .glue_7t       0x0000f790        0x0 /cygdrive/c/Embedded/GNUARM/bin/../lib/gcc/arm-elf/4.1.1/../../../../arm-elf/lib/interwork/libc.a(memset.o)
 .glue_7t       0x0000f790        0x0 /cygdrive/c/Embedded/GNUARM/bin/../lib/gcc/arm-elf/4.1.1/../../../../arm-elf/lib/interwork/libc.a(mlock.o)
 .glue_7t       0x0000f790        0x0 /cygdrive/c/Embedded/GNUARM/bin/../lib/gcc/arm-elf/4.1.1/../../../../arm-elf/lib/interwork/libc.a(mprec.o)
 .glue_7t       0x0000f790        0x0 /cygdrive/c/Embedded/GNUARM/bin/../lib/gcc/arm-elf/4.1.1/../../../../arm-elf/lib/interwork/libc.a(reallocr.o)
 .glue_7t       0x0000f790        0x0 /cygdrive/c/Embedded/GNUARM/bin/../lib/gcc/arm-elf/4.1.1/../../../../arm-elf/lib/interwork/libc.a(refill.o)
 .glue_7t       0x0000f790        0x0 /cygdrive/c/Embedded/GNUARM/bin/../lib/gcc/arm-elf/4.1.1/../../../../arm-elf/lib/interwork/libc.a(s_isinf.o)
 .glue_7t       0x0000f790        0x0 /cygdrive/c/Embedded/GNUARM/bin/../lib/gcc/arm-elf/4.1.1/../../../../arm-elf/lib/interwork/libc.a(s_isnan.o)
 .glue_7t       0x0000f790        0x0 /cygdrive/c/Embedded/GNUARM/bin/../lib/gcc/arm-elf/4.1.1/../../../../arm-elf/lib/interwork/libc.a(sbrkr.o)
 .glue_7t       0x0000f790        0x0 /cygdrive/c/Embedded/GNUARM/bin/../lib/gcc/arm-elf/4.1.1/../../../../arm-elf/lib/interwork/libc.a(sccl.o)
 .glue_7t       0x0000f790        0x0 /cygdrive/c/Embedded/GNUARM/bin/../lib/gcc/arm-elf/4.1.1/../../../../arm-elf/lib/interwork/libc.a(sf_nan.o)
 .glue_7t       0x0000f790        0x0 /cygdrive/c/Embedded/GNUARM/bin/../lib/gcc/arm-elf/4.1.1/../../../../arm-elf/lib/interwork/libc.a(stdio.o)
 .glue_7t       0x0000f790        0x0 /cygdrive/c/Embedded/GNUARM/bin/../lib/gcc/arm-elf/4.1.1/../../../../arm-elf/lib/interwork/libc.a(strcmp.o)
 .glue_7t       0x0000f790        0x0 /cygdrive/c/Embedded/GNUARM/bin/../lib/gcc/arm-elf/4.1.1/../../../../arm-elf/lib/interwork/libc.a(strtod.o)
 .glue_7t       0x0000f790        0x0 /cygdrive/c/Embedded/GNUARM/bin/../lib/gcc/arm-elf/4.1.1/../../../../arm-elf/lib/interwork/libc.a(strtoul.o)
 .glue_7t       0x0000f790        0x0 /cygdrive/c/Embedded/GNUARM/bin/../lib/gcc/arm-elf/4.1.1/../../../../arm-elf/lib/interwork/libc.a(syscalls.o)
 .glue_7t       0x0000f790        0x0 /cygdrive/c/Embedded/GNUARM/bin/../lib/gcc/arm-elf/4.1.1/../../../../arm-elf/lib/interwork/libc.a(ungetc.o)
 .glue_7t       0x0000f790        0x0 /cygdrive/c/Embedded/GNUARM/bin/../lib/gcc/arm-elf/4.1.1/../../../../arm-elf/lib/interwork/libc.a(writer.o)
 .glue_7t       0x0000f790        0x0 /cygdrive/c/Embedded/GNUARM/bin/../lib/gcc/arm-elf/4.1.1/../../../../arm-elf/lib/interwork/libc.a(callocr.o)
 .glue_7t       0x0000f790        0x0 /cygdrive/c/Embedded/GNUARM/bin/../lib/gcc/arm-elf/4.1.1/../../../../arm-elf/lib/interwork/libc.a(closer.o)
 .glue_7t       0x0000f790        0x0 /cygdrive/c/Embedded/GNUARM/bin/../lib/gcc/arm-elf/4.1.1/../../../../arm-elf/lib/interwork/libc.a(errno.o)
 .glue_7t       0x0000f790        0x0 /cygdrive/c/Embedded/GNUARM/bin/../lib/gcc/arm-elf/4.1.1/../../../../arm-elf/lib/interwork/libc.a(fclose.o)
 .glue_7t       0x0000f790        0x0 /cygdrive/c/Embedded/GNUARM/bin/../lib/gcc/arm-elf/4.1.1/../../../../arm-elf/lib/interwork/libc.a(fstatr.o)
 .glue_7t       0x0000f790        0x0 /cygdrive/c/Embedded/GNUARM/bin/../lib/gcc/arm-elf/4.1.1/../../../../arm-elf/lib/interwork/libc.a(lseekr.o)
 .glue_7t       0x0000f790        0x0 /cygdrive/c/Embedded/GNUARM/bin/../lib/gcc/arm-elf/4.1.1/../../../../arm-elf/lib/interwork/libc.a(readr.o)
 .glue_7t       0x0000f790        0x0 /cygdrive/c/Embedded/GNUARM/bin/../lib/gcc/arm-elf/4.1.1/../../../../arm-elf/lib/interwork/libc.a(reent.o)
 .glue_7t       0x0000f790        0x0 /cygdrive/c/Embedded/GNUARM/bin/../lib/gcc/arm-elf/4.1.1/../../../../arm-elf/lib/interwork/libc.a(s_nan.o)
 .glue_7t       0x0000f790        0x0 /cygdrive/c/Embedded/GNUARM/bin/../lib/gcc/arm-elf/4.1.1/interwork/libgcc.a(_addsubdf3.o)
 .glue_7t       0x0000f790        0x0 /cygdrive/c/Embedded/GNUARM/bin/../lib/gcc/arm-elf/4.1.1/interwork/libgcc.a(_muldivdf3.o)
 .glue_7t       0x0000f790        0x0 /cygdrive/c/Embedded/GNUARM/bin/../lib/gcc/arm-elf/4.1.1/interwork/libgcc.a(_cmpdf2.o)
 .glue_7t       0x0000f790        0x0 /cygdrive/c/Embedded/GNUARM/bin/../lib/gcc/arm-elf/4.1.1/interwork/libgcc.a(_fixdfsi.o)
 .glue_7t       0x0000f790       0x30 /cygdrive/c/Embedded/GNUARM/bin/../lib/gcc/arm-elf/4.1.1/interwork/libgcc.a(_truncdfsf2.o)
                0x0000f7a8                __sscanf_from_thumb
                0x0000f798                ____muldi3_from_thumb
                0x0000f7b0                __printf_init_from_thumb
                0x0000f7a0                __sprintf_from_thumb
                0x0000f794                ____udivdi3_change_to_arm
                0x0000f7b4                __printf_init_change_to_arm
                0x0000f7b8                ____divsi3_from_thumb
                0x0000f7a4                __sprintf_change_to_arm
                0x0000f790                ____udivdi3_from_thumb
                0x0000f7ac                __sscanf_change_to_arm
                0x0000f7bc                ____divsi3_change_to_arm
                0x0000f79c                ____muldi3_change_to_arm
                0x0000f7c0                . = ALIGN (0x4)

.rodata         0x0000f7c0      0xb30
 *(.rodata)
 .rodata        0x0000f7c0       0xb4 main.o
 .rodata        0x0000f874      0x55c lcd.o
                0x0000f874                charMap
 .rodata        0x0000fdd0       0xb8 startup/libea_startup_thumb.a(framework.o)
 .rodata        0x0000fe88       0x18 startup/libea_startup_thumb.a(consol.o)
 .rodata        0x0000fea0      0x100 /cygdrive/c/Embedded/GNUARM/bin/../lib/gcc/arm-elf/4.1.1/interwork/libgcc.a(_clz.o)
                0x0000fea0                __clz_tab
 .rodata        0x0000ffa0       0x20 /cygdrive/c/Embedded/GNUARM/bin/../lib/gcc/arm-elf/4.1.1/../../../../arm-elf/lib/interwork/libc.a(vfprintf.o)
 .rodata        0x0000ffc0       0x22 /cygdrive/c/Embedded/GNUARM/bin/../lib/gcc/arm-elf/4.1.1/../../../../arm-elf/lib/interwork/libc.a(vfscanf.o)
 .rodata        0x0000ffe2      0x101 /cygdrive/c/Embedded/GNUARM/bin/../lib/gcc/arm-elf/4.1.1/../../../../arm-elf/lib/interwork/libc.a(ctype_.o)
                0x0000ffe2                _ctype_
 *fill*         0x000100e3        0x1 00
 .rodata        0x000100e4        0x4 /cygdrive/c/Embedded/GNUARM/bin/../lib/gcc/arm-elf/4.1.1/../../../../arm-elf/lib/interwork/libc.a(impure.o)
                0x000100e4                _global_impure_ptr
 .rodata        0x000100e8       0x34 /cygdrive/c/Embedded/GNUARM/bin/../lib/gcc/arm-elf/4.1.1/../../../../arm-elf/lib/interwork/libc.a(locale.o)
 .rodata        0x0001011c      0x124 /cygdrive/c/Embedded/GNUARM/bin/../lib/gcc/arm-elf/4.1.1/../../../../arm-elf/lib/interwork/libc.a(mprec.o)
                0x0001020c                __mprec_tinytens
                0x0001011c                __mprec_tens
                0x000101e4                __mprec_bigtens
 *(.rodata*)
 .rodata.str1.4
                0x00010240       0x63 /cygdrive/c/Embedded/GNUARM/bin/../lib/gcc/arm-elf/4.1.1/../../../../arm-elf/lib/interwork/libc.a(vfprintf.o)
                                 0x64 (size before relaxing)
 *fill*         0x000102a3        0x1 00
 .rodata.str1.4
                0x000102a4        0x5 /cygdrive/c/Embedded/GNUARM/bin/../lib/gcc/arm-elf/4.1.1/../../../../arm-elf/lib/interwork/libc.a(vfscanf.o)
                                  0x8 (size before relaxing)
 *fill*         0x000102a9        0x3 00
 .rodata.str1.4
                0x000102ac       0x1e /cygdrive/c/Embedded/GNUARM/bin/../lib/gcc/arm-elf/4.1.1/../../../../arm-elf/lib/interwork/libc.a(wctomb_r.o)
                                 0x20 (size before relaxing)
 *fill*         0x000102ca        0x2 00
 .rodata.str1.4
                0x000102cc       0x10 /cygdrive/c/Embedded/GNUARM/bin/../lib/gcc/arm-elf/4.1.1/../../../../arm-elf/lib/interwork/libc.a(dtoa.o)
                                 0x14 (size before relaxing)
 .rodata.str1.4
                0x000102dc        0x2 /cygdrive/c/Embedded/GNUARM/bin/../lib/gcc/arm-elf/4.1.1/../../../../arm-elf/lib/interwork/libc.a(impure.o)
                                  0x4 (size before relaxing)
 *fill*         0x000102de        0x2 00
 .rodata.str1.4
                0x000102e0        0xb /cygdrive/c/Embedded/GNUARM/bin/../lib/gcc/arm-elf/4.1.1/../../../../arm-elf/lib/interwork/libc.a(locale.o)
                                 0x18 (size before relaxing)
 .rodata.str1.4
                0x00000000        0x4 /cygdrive/c/Embedded/GNUARM/bin/../lib/gcc/arm-elf/4.1.1/../../../../arm-elf/lib/interwork/libc.a(mbrtowc.o)
 *fill*         0x000102eb        0x1 00
 .rodata.str1.4
                0x000102ec        0x4 /cygdrive/c/Embedded/GNUARM/bin/../lib/gcc/arm-elf/4.1.1/../../../../arm-elf/lib/interwork/libc.a(syscalls.o)
                0x000102f0                . = ALIGN (0x4)
                0x000102f0                _etext = .
                0x000102f0                PROVIDE (etext, .)

.data           0x40000080      0x838 load address 0x000102f0
                0x40000080                _data = .
 *(.data)
 .data          0x40000080        0x0 main.o
 .data          0x40000080        0x0 lcd.o
 .data          0x40000080        0x0 lcd_hw.o
 .data          0x40000080        0x0 additional.o
 .data          0x40000080        0x0 adc.o
 .data          0x40000080        0x0 eeprom.o
 .data          0x40000080        0x0 i2c.o
 .data          0x40000080        0x0 startup/libea_startup_thumb.a(framework.o)
 .data          0x40000080        0x0 startup/libea_startup_thumb.a(startup.o)
 .data          0x40000080       0x10 startup/libea_startup_thumb.a(consol.o)
 .data          0x40000090        0x0 irq/irq_handler.a(irq_handler.o)
 .data          0x40000090        0x0 /cygdrive/c/Embedded/GNUARM/bin/../lib/gcc/arm-elf/4.1.1/interwork/libgcc.a(_udivsi3.o)
 .data          0x40000090        0x0 /cygdrive/c/Embedded/GNUARM/bin/../lib/gcc/arm-elf/4.1.1/interwork/libgcc.a(_divsi3.o)
 .data          0x40000090        0x0 /cygdrive/c/Embedded/GNUARM/bin/../lib/gcc/arm-elf/4.1.1/interwork/libgcc.a(_umodsi3.o)
 .data          0x40000090        0x0 /cygdrive/c/Embedded/GNUARM/bin/../lib/gcc/arm-elf/4.1.1/interwork/libgcc.a(_dvmd_tls.o)
 .data          0x40000090        0x0 /cygdrive/c/Embedded/GNUARM/bin/../lib/gcc/arm-elf/4.1.1/interwork/libgcc.a(_muldi3.o)
 .data          0x40000090        0x0 /cygdrive/c/Embedded/GNUARM/bin/../lib/gcc/arm-elf/4.1.1/interwork/libgcc.a(_udivdi3.o)
 .data          0x40000090        0x0 /cygdrive/c/Embedded/GNUARM/bin/../lib/gcc/arm-elf/4.1.1/interwork/libgcc.a(_clz.o)
 .data          0x40000090        0x0 /cygdrive/c/Embedded/GNUARM/bin/../lib/gcc/arm-elf/4.1.1/../../../../arm-elf/lib/interwork/libc.a(atoi.o)
 .data          0x40000090        0x0 /cygdrive/c/Embedded/GNUARM/bin/../lib/gcc/arm-elf/4.1.1/../../../../arm-elf/lib/interwork/libc.a(memcpy.o)
 .data          0x40000090        0x0 /cygdrive/c/Embedded/GNUARM/bin/../lib/gcc/arm-elf/4.1.1/../../../../arm-elf/lib/interwork/libc.a(sprintf.o)
 .data          0x40000090        0x0 /cygdrive/c/Embedded/GNUARM/bin/../lib/gcc/arm-elf/4.1.1/../../../../arm-elf/lib/interwork/libc.a(sscanf.o)
 .data          0x40000090        0x0 /cygdrive/c/Embedded/GNUARM/bin/../lib/gcc/arm-elf/4.1.1/../../../../arm-elf/lib/interwork/libc.a(strlen.o)
 .data          0x40000090        0x0 /cygdrive/c/Embedded/GNUARM/bin/../lib/gcc/arm-elf/4.1.1/../../../../arm-elf/lib/interwork/libc.a(strtol.o)
 .data          0x40000090        0x0 /cygdrive/c/Embedded/GNUARM/bin/../lib/gcc/arm-elf/4.1.1/../../../../arm-elf/lib/interwork/libc.a(vfprintf.o)
 .data          0x40000090        0x0 /cygdrive/c/Embedded/GNUARM/bin/../lib/gcc/arm-elf/4.1.1/../../../../arm-elf/lib/interwork/libc.a(vfscanf.o)
 .data          0x40000090        0x0 /cygdrive/c/Embedded/GNUARM/bin/../lib/gcc/arm-elf/4.1.1/../../../../arm-elf/lib/interwork/libc.a(wcrtomb.o)
 .data          0x40000090        0x0 /cygdrive/c/Embedded/GNUARM/bin/../lib/gcc/arm-elf/4.1.1/../../../../arm-elf/lib/interwork/libc.a(wcsrtombs.o)
 .data          0x40000090        0x0 /cygdrive/c/Embedded/GNUARM/bin/../lib/gcc/arm-elf/4.1.1/../../../../arm-elf/lib/interwork/libc.a(wctomb_r.o)
 .data          0x40000090        0x0 /cygdrive/c/Embedded/GNUARM/bin/../lib/gcc/arm-elf/4.1.1/../../../../arm-elf/lib/interwork/libc.a(wsetup.o)
 .data          0x40000090        0x4 /cygdrive/c/Embedded/GNUARM/bin/../lib/gcc/arm-elf/4.1.1/../../../../arm-elf/lib/interwork/libc.a(ctype_.o)
                0x40000090                __ctype_ptr
 .data          0x40000094        0x0 /cygdrive/c/Embedded/GNUARM/bin/../lib/gcc/arm-elf/4.1.1/../../../../arm-elf/lib/interwork/libc.a(dtoa.o)
 .data          0x40000094        0x0 /cygdrive/c/Embedded/GNUARM/bin/../lib/gcc/arm-elf/4.1.1/../../../../arm-elf/lib/interwork/libc.a(fflush.o)
 .data          0x40000094        0x0 /cygdrive/c/Embedded/GNUARM/bin/../lib/gcc/arm-elf/4.1.1/../../../../arm-elf/lib/interwork/libc.a(findfp.o)
 .data          0x40000094        0x0 /cygdrive/c/Embedded/GNUARM/bin/../lib/gcc/arm-elf/4.1.1/../../../../arm-elf/lib/interwork/libc.a(fread.o)
 .data          0x40000094        0x0 /cygdrive/c/Embedded/GNUARM/bin/../lib/gcc/arm-elf/4.1.1/../../../../arm-elf/lib/interwork/libc.a(freer.o)
 .data          0x40000094        0x0 /cygdrive/c/Embedded/GNUARM/bin/../lib/gcc/arm-elf/4.1.1/../../../../arm-elf/lib/interwork/libc.a(fvwrite.o)
 .data          0x40000094        0x0 /cygdrive/c/Embedded/GNUARM/bin/../lib/gcc/arm-elf/4.1.1/../../../../arm-elf/lib/interwork/libc.a(fwalk.o)
 .data          0x40000094      0x404 /cygdrive/c/Embedded/GNUARM/bin/../lib/gcc/arm-elf/4.1.1/../../../../arm-elf/lib/interwork/libc.a(impure.o)
                0x40000094                _impure_ptr
 .data          0x40000498        0x0 /cygdrive/c/Embedded/GNUARM/bin/../lib/gcc/arm-elf/4.1.1/../../../../arm-elf/lib/interwork/libc.a(iswspace.o)
 .data          0x40000498       0x10 /cygdrive/c/Embedded/GNUARM/bin/../lib/gcc/arm-elf/4.1.1/../../../../arm-elf/lib/interwork/libc.a(locale.o)
                0x40000498                __mb_cur_max
                0x4000049c                __lc_ctype
 .data          0x400004a8        0x0 /cygdrive/c/Embedded/GNUARM/bin/../lib/gcc/arm-elf/4.1.1/../../../../arm-elf/lib/interwork/libc.a(makebuf.o)
 .data          0x400004a8      0x410 /cygdrive/c/Embedded/GNUARM/bin/../lib/gcc/arm-elf/4.1.1/../../../../arm-elf/lib/interwork/libc.a(mallocr.o)
                0x400008b4                __malloc_sbrk_base
                0x400004a8                __malloc_av_
                0x400008b0                __malloc_trim_threshold
 .data          0x400008b8        0x0 /cygdrive/c/Embedded/GNUARM/bin/../lib/gcc/arm-elf/4.1.1/../../../../arm-elf/lib/interwork/libc.a(mbrtowc.o)
 .data          0x400008b8        0x0 /cygdrive/c/Embedded/GNUARM/bin/../lib/gcc/arm-elf/4.1.1/../../../../arm-elf/lib/interwork/libc.a(mbtowc_r.o)
 .data          0x400008b8        0x0 /cygdrive/c/Embedded/GNUARM/bin/../lib/gcc/arm-elf/4.1.1/../../../../arm-elf/lib/interwork/libc.a(memchr.o)
 .data          0x400008b8        0x0 /cygdrive/c/Embedded/GNUARM/bin/../lib/gcc/arm-elf/4.1.1/../../../../arm-elf/lib/interwork/libc.a(memmove.o)
 .data          0x400008b8        0x0 /cygdrive/c/Embedded/GNUARM/bin/../lib/gcc/arm-elf/4.1.1/../../../../arm-elf/lib/interwork/libc.a(memset.o)
 .data          0x400008b8        0x0 /cygdrive/c/Embedded/GNUARM/bin/../lib/gcc/arm-elf/4.1.1/../../../../arm-elf/lib/interwork/libc.a(mlock.o)
 .data          0x400008b8        0x0 /cygdrive/c/Embedded/GNUARM/bin/../lib/gcc/arm-elf/4.1.1/../../../../arm-elf/lib/interwork/libc.a(mprec.o)
 .data          0x400008b8        0x0 /cygdrive/c/Embedded/GNUARM/bin/../lib/gcc/arm-elf/4.1.1/../../../../arm-elf/lib/interwork/libc.a(reallocr.o)
 .data          0x400008b8        0x0 /cygdrive/c/Embedded/GNUARM/bin/../lib/gcc/arm-elf/4.1.1/../../../../arm-elf/lib/interwork/libc.a(refill.o)
 .data          0x400008b8        0x0 /cygdrive/c/Embedded/GNUARM/bin/../lib/gcc/arm-elf/4.1.1/../../../../arm-elf/lib/interwork/libc.a(s_isinf.o)
 .data          0x400008b8        0x0 /cygdrive/c/Embedded/GNUARM/bin/../lib/gcc/arm-elf/4.1.1/../../../../arm-elf/lib/interwork/libc.a(s_isnan.o)
 .data          0x400008b8        0x0 /cygdrive/c/Embedded/GNUARM/bin/../lib/gcc/arm-elf/4.1.1/../../../../arm-elf/lib/interwork/libc.a(sbrkr.o)
 .data          0x400008b8        0x0 /cygdrive/c/Embedded/GNUARM/bin/../lib/gcc/arm-elf/4.1.1/../../../../arm-elf/lib/interwork/libc.a(sccl.o)
 .data          0x400008b8        0x0 /cygdrive/c/Embedded/GNUARM/bin/../lib/gcc/arm-elf/4.1.1/../../../../arm-elf/lib/interwork/libc.a(sf_nan.o)
 .data          0x400008b8        0x0 /cygdrive/c/Embedded/GNUARM/bin/../lib/gcc/arm-elf/4.1.1/../../../../arm-elf/lib/interwork/libc.a(stdio.o)
 .data          0x400008b8        0x0 /cygdrive/c/Embedded/GNUARM/bin/../lib/gcc/arm-elf/4.1.1/../../../../arm-elf/lib/interwork/libc.a(strcmp.o)
 .data          0x400008b8        0x0 /cygdrive/c/Embedded/GNUARM/bin/../lib/gcc/arm-elf/4.1.1/../../../../arm-elf/lib/interwork/libc.a(strtod.o)
 .data          0x400008b8        0x0 /cygdrive/c/Embedded/GNUARM/bin/../lib/gcc/arm-elf/4.1.1/../../../../arm-elf/lib/interwork/libc.a(strtoul.o)
 .data          0x400008b8        0x0 /cygdrive/c/Embedded/GNUARM/bin/../lib/gcc/arm-elf/4.1.1/../../../../arm-elf/lib/interwork/libc.a(syscalls.o)
 .data          0x400008b8        0x0 /cygdrive/c/Embedded/GNUARM/bin/../lib/gcc/arm-elf/4.1.1/../../../../arm-elf/lib/interwork/libc.a(ungetc.o)
 .data          0x400008b8        0x0 /cygdrive/c/Embedded/GNUARM/bin/../lib/gcc/arm-elf/4.1.1/../../../../arm-elf/lib/interwork/libc.a(writer.o)
 .data          0x400008b8        0x0 /cygdrive/c/Embedded/GNUARM/bin/../lib/gcc/arm-elf/4.1.1/../../../../arm-elf/lib/interwork/libc.a(callocr.o)
 .data          0x400008b8        0x0 /cygdrive/c/Embedded/GNUARM/bin/../lib/gcc/arm-elf/4.1.1/../../../../arm-elf/lib/interwork/libc.a(closer.o)
 .data          0x400008b8        0x0 /cygdrive/c/Embedded/GNUARM/bin/../lib/gcc/arm-elf/4.1.1/../../../../arm-elf/lib/interwork/libc.a(errno.o)
 .data          0x400008b8        0x0 /cygdrive/c/Embedded/GNUARM/bin/../lib/gcc/arm-elf/4.1.1/../../../../arm-elf/lib/interwork/libc.a(fclose.o)
 .data          0x400008b8        0x0 /cygdrive/c/Embedded/GNUARM/bin/../lib/gcc/arm-elf/4.1.1/../../../../arm-elf/lib/interwork/libc.a(fstatr.o)
 .data          0x400008b8        0x0 /cygdrive/c/Embedded/GNUARM/bin/../lib/gcc/arm-elf/4.1.1/../../../../arm-elf/lib/interwork/libc.a(lseekr.o)
 .data          0x400008b8        0x0 /cygdrive/c/Embedded/GNUARM/bin/../lib/gcc/arm-elf/4.1.1/../../../../arm-elf/lib/interwork/libc.a(readr.o)
 .data          0x400008b8        0x0 /cygdrive/c/Embedded/GNUARM/bin/../lib/gcc/arm-elf/4.1.1/../../../../arm-elf/lib/interwork/libc.a(reent.o)
 .data          0x400008b8        0x0 /cygdrive/c/Embedded/GNUARM/bin/../lib/gcc/arm-elf/4.1.1/../../../../arm-elf/lib/interwork/libc.a(s_nan.o)
 .data          0x400008b8        0x0 /cygdrive/c/Embedded/GNUARM/bin/../lib/gcc/arm-elf/4.1.1/interwork/libgcc.a(_addsubdf3.o)
 .data          0x400008b8        0x0 /cygdrive/c/Embedded/GNUARM/bin/../lib/gcc/arm-elf/4.1.1/interwork/libgcc.a(_muldivdf3.o)
 .data          0x400008b8        0x0 /cygdrive/c/Embedded/GNUARM/bin/../lib/gcc/arm-elf/4.1.1/interwork/libgcc.a(_cmpdf2.o)
 .data          0x400008b8        0x0 /cygdrive/c/Embedded/GNUARM/bin/../lib/gcc/arm-elf/4.1.1/interwork/libgcc.a(_fixdfsi.o)
 .data          0x400008b8        0x0 /cygdrive/c/Embedded/GNUARM/bin/../lib/gcc/arm-elf/4.1.1/interwork/libgcc.a(_truncdfsf2.o)
                0x400008b8                . = ALIGN (0x4)
                0x400008b8                _edata = .
                0x400008b8                PROVIDE (edata, .)

.bss            0x400008b8      0x10c
                0x400008b8                _bss = .
                0x400008b8                __bss_start = .
                0x400008b8                __bss_start__ = .
 *(.bss)
 .bss           0x400008b8        0x0 main.o
 .bss           0x400008b8        0x5 lcd.o
 .bss           0x400008bd        0x0 lcd_hw.o
 .bss           0x400008bd        0x0 additional.o
 .bss           0x400008bd        0x0 adc.o
 .bss           0x400008bd        0x0 eeprom.o
 .bss           0x400008bd        0x0 i2c.o
 .bss           0x400008bd        0x0 startup/libea_startup_thumb.a(framework.o)
 .bss           0x400008bd        0x0 startup/libea_startup_thumb.a(startup.o)
 .bss           0x400008bd        0x0 startup/libea_startup_thumb.a(consol.o)
 .bss           0x400008bd        0x0 irq/irq_handler.a(irq_handler.o)
 .bss           0x400008bd        0x0 /cygdrive/c/Embedded/GNUARM/bin/../lib/gcc/arm-elf/4.1.1/interwork/libgcc.a(_udivsi3.o)
 .bss           0x400008bd        0x0 /cygdrive/c/Embedded/GNUARM/bin/../lib/gcc/arm-elf/4.1.1/interwork/libgcc.a(_divsi3.o)
 .bss           0x400008bd        0x0 /cygdrive/c/Embedded/GNUARM/bin/../lib/gcc/arm-elf/4.1.1/interwork/libgcc.a(_umodsi3.o)
 .bss           0x400008bd        0x0 /cygdrive/c/Embedded/GNUARM/bin/../lib/gcc/arm-elf/4.1.1/interwork/libgcc.a(_dvmd_tls.o)
 .bss           0x400008bd        0x0 /cygdrive/c/Embedded/GNUARM/bin/../lib/gcc/arm-elf/4.1.1/interwork/libgcc.a(_muldi3.o)
 .bss           0x400008bd        0x0 /cygdrive/c/Embedded/GNUARM/bin/../lib/gcc/arm-elf/4.1.1/interwork/libgcc.a(_udivdi3.o)
 .bss           0x400008bd        0x0 /cygdrive/c/Embedded/GNUARM/bin/../lib/gcc/arm-elf/4.1.1/interwork/libgcc.a(_clz.o)
 .bss           0x400008bd        0x0 /cygdrive/c/Embedded/GNUARM/bin/../lib/gcc/arm-elf/4.1.1/../../../../arm-elf/lib/interwork/libc.a(atoi.o)
 .bss           0x400008bd        0x0 /cygdrive/c/Embedded/GNUARM/bin/../lib/gcc/arm-elf/4.1.1/../../../../arm-elf/lib/interwork/libc.a(memcpy.o)
 .bss           0x400008bd        0x0 /cygdrive/c/Embedded/GNUARM/bin/../lib/gcc/arm-elf/4.1.1/../../../../arm-elf/lib/interwork/libc.a(sprintf.o)
 .bss           0x400008bd        0x0 /cygdrive/c/Embedded/GNUARM/bin/../lib/gcc/arm-elf/4.1.1/../../../../arm-elf/lib/interwork/libc.a(sscanf.o)
 .bss           0x400008bd        0x0 /cygdrive/c/Embedded/GNUARM/bin/../lib/gcc/arm-elf/4.1.1/../../../../arm-elf/lib/interwork/libc.a(strlen.o)
 .bss           0x400008bd        0x0 /cygdrive/c/Embedded/GNUARM/bin/../lib/gcc/arm-elf/4.1.1/../../../../arm-elf/lib/interwork/libc.a(strtol.o)
 .bss           0x400008bd        0x0 /cygdrive/c/Embedded/GNUARM/bin/../lib/gcc/arm-elf/4.1.1/../../../../arm-elf/lib/interwork/libc.a(vfprintf.o)
 .bss           0x400008bd        0x0 /cygdrive/c/Embedded/GNUARM/bin/../lib/gcc/arm-elf/4.1.1/../../../../arm-elf/lib/interwork/libc.a(vfscanf.o)
 .bss           0x400008bd        0x0 /cygdrive/c/Embedded/GNUARM/bin/../lib/gcc/arm-elf/4.1.1/../../../../arm-elf/lib/interwork/libc.a(wcrtomb.o)
 .bss           0x400008bd        0x0 /cygdrive/c/Embedded/GNUARM/bin/../lib/gcc/arm-elf/4.1.1/../../../../arm-elf/lib/interwork/libc.a(wcsrtombs.o)
 .bss           0x400008bd        0x0 /cygdrive/c/Embedded/GNUARM/bin/../lib/gcc/arm-elf/4.1.1/../../../../arm-elf/lib/interwork/libc.a(wctomb_r.o)
 .bss           0x400008bd        0x0 /cygdrive/c/Embedded/GNUARM/bin/../lib/gcc/arm-elf/4.1.1/../../../../arm-elf/lib/interwork/libc.a(wsetup.o)
 .bss           0x400008bd        0x0 /cygdrive/c/Embedded/GNUARM/bin/../lib/gcc/arm-elf/4.1.1/../../../../arm-elf/lib/interwork/libc.a(ctype_.o)
 .bss           0x400008bd        0x0 /cygdrive/c/Embedded/GNUARM/bin/../lib/gcc/arm-elf/4.1.1/../../../../arm-elf/lib/interwork/libc.a(dtoa.o)
 .bss           0x400008bd        0x0 /cygdrive/c/Embedded/GNUARM/bin/../lib/gcc/arm-elf/4.1.1/../../../../arm-elf/lib/interwork/libc.a(fflush.o)
 .bss           0x400008bd        0x0 /cygdrive/c/Embedded/GNUARM/bin/../lib/gcc/arm-elf/4.1.1/../../../../arm-elf/lib/interwork/libc.a(findfp.o)
 .bss           0x400008bd        0x0 /cygdrive/c/Embedded/GNUARM/bin/../lib/gcc/arm-elf/4.1.1/../../../../arm-elf/lib/interwork/libc.a(fread.o)
 .bss           0x400008bd        0x0 /cygdrive/c/Embedded/GNUARM/bin/../lib/gcc/arm-elf/4.1.1/../../../../arm-elf/lib/interwork/libc.a(freer.o)
 .bss           0x400008bd        0x0 /cygdrive/c/Embedded/GNUARM/bin/../lib/gcc/arm-elf/4.1.1/../../../../arm-elf/lib/interwork/libc.a(fvwrite.o)
 .bss           0x400008bd        0x0 /cygdrive/c/Embedded/GNUARM/bin/../lib/gcc/arm-elf/4.1.1/../../../../arm-elf/lib/interwork/libc.a(fwalk.o)
 .bss           0x400008bd        0x0 /cygdrive/c/Embedded/GNUARM/bin/../lib/gcc/arm-elf/4.1.1/../../../../arm-elf/lib/interwork/libc.a(impure.o)
 .bss           0x400008bd        0x0 /cygdrive/c/Embedded/GNUARM/bin/../lib/gcc/arm-elf/4.1.1/../../../../arm-elf/lib/interwork/libc.a(iswspace.o)
 *fill*         0x400008bd        0x3 00
 .bss           0x400008c0        0xc /cygdrive/c/Embedded/GNUARM/bin/../lib/gcc/arm-elf/4.1.1/../../../../arm-elf/lib/interwork/libc.a(locale.o)
                0x400008c0                __nlocale_changed
                0x400008c4                __mlocale_changed
                0x400008c8                _PathLocale
 .bss           0x400008cc        0x0 /cygdrive/c/Embedded/GNUARM/bin/../lib/gcc/arm-elf/4.1.1/../../../../arm-elf/lib/interwork/libc.a(makebuf.o)
 .bss           0x400008cc       0x34 /cygdrive/c/Embedded/GNUARM/bin/../lib/gcc/arm-elf/4.1.1/../../../../arm-elf/lib/interwork/libc.a(mallocr.o)
                0x400008cc                __malloc_top_pad
                0x400008d0                __malloc_max_sbrked_mem
                0x400008d8                __malloc_current_mallinfo
                0x400008d4                __malloc_max_total_mem
 .bss           0x40000900        0x0 /cygdrive/c/Embedded/GNUARM/bin/../lib/gcc/arm-elf/4.1.1/../../../../arm-elf/lib/interwork/libc.a(mbrtowc.o)
 .bss           0x40000900        0x0 /cygdrive/c/Embedded/GNUARM/bin/../lib/gcc/arm-elf/4.1.1/../../../../arm-elf/lib/interwork/libc.a(mbtowc_r.o)
 .bss           0x40000900        0x0 /cygdrive/c/Embedded/GNUARM/bin/../lib/gcc/arm-elf/4.1.1/../../../../arm-elf/lib/interwork/libc.a(memchr.o)
 .bss           0x40000900        0x0 /cygdrive/c/Embedded/GNUARM/bin/../lib/gcc/arm-elf/4.1.1/../../../../arm-elf/lib/interwork/libc.a(memmove.o)
 .bss           0x40000900        0x0 /cygdrive/c/Embedded/GNUARM/bin/../lib/gcc/arm-elf/4.1.1/../../../../arm-elf/lib/interwork/libc.a(memset.o)
 .bss           0x40000900        0x0 /cygdrive/c/Embedded/GNUARM/bin/../lib/gcc/arm-elf/4.1.1/../../../../arm-elf/lib/interwork/libc.a(mlock.o)
 .bss           0x40000900        0x0 /cygdrive/c/Embedded/GNUARM/bin/../lib/gcc/arm-elf/4.1.1/../../../../arm-elf/lib/interwork/libc.a(mprec.o)
 .bss           0x40000900        0x0 /cygdrive/c/Embedded/GNUARM/bin/../lib/gcc/arm-elf/4.1.1/../../../../arm-elf/lib/interwork/libc.a(reallocr.o)
 .bss           0x40000900        0x0 /cygdrive/c/Embedded/GNUARM/bin/../lib/gcc/arm-elf/4.1.1/../../../../arm-elf/lib/interwork/libc.a(refill.o)
 .bss           0x40000900        0x0 /cygdrive/c/Embedded/GNUARM/bin/../lib/gcc/arm-elf/4.1.1/../../../../arm-elf/lib/interwork/libc.a(s_isinf.o)
 .bss           0x40000900        0x0 /cygdrive/c/Embedded/GNUARM/bin/../lib/gcc/arm-elf/4.1.1/../../../../arm-elf/lib/interwork/libc.a(s_isnan.o)
 .bss           0x40000900        0x0 /cygdrive/c/Embedded/GNUARM/bin/../lib/gcc/arm-elf/4.1.1/../../../../arm-elf/lib/interwork/libc.a(sbrkr.o)
 .bss           0x40000900        0x0 /cygdrive/c/Embedded/GNUARM/bin/../lib/gcc/arm-elf/4.1.1/../../../../arm-elf/lib/interwork/libc.a(sccl.o)
 .bss           0x40000900        0x0 /cygdrive/c/Embedded/GNUARM/bin/../lib/gcc/arm-elf/4.1.1/../../../../arm-elf/lib/interwork/libc.a(sf_nan.o)
 .bss           0x40000900        0x0 /cygdrive/c/Embedded/GNUARM/bin/../lib/gcc/arm-elf/4.1.1/../../../../arm-elf/lib/interwork/libc.a(stdio.o)
 .bss           0x40000900        0x0 /cygdrive/c/Embedded/GNUARM/bin/../lib/gcc/arm-elf/4.1.1/../../../../arm-elf/lib/interwork/libc.a(strcmp.o)
 .bss           0x40000900        0x0 /cygdrive/c/Embedded/GNUARM/bin/../lib/gcc/arm-elf/4.1.1/../../../../arm-elf/lib/interwork/libc.a(strtod.o)
 .bss           0x40000900        0x0 /cygdrive/c/Embedded/GNUARM/bin/../lib/gcc/arm-elf/4.1.1/../../../../arm-elf/lib/interwork/libc.a(strtoul.o)
 .bss           0x40000900       0xb0 /cygdrive/c/Embedded/GNUARM/bin/../lib/gcc/arm-elf/4.1.1/../../../../arm-elf/lib/interwork/libc.a(syscalls.o)
 .bss           0x400009b0        0x0 /cygdrive/c/Embedded/GNUARM/bin/../lib/gcc/arm-elf/4.1.1/../../../../arm-elf/lib/interwork/libc.a(ungetc.o)
 .bss           0x400009b0        0x0 /cygdrive/c/Embedded/GNUARM/bin/../lib/gcc/arm-elf/4.1.1/../../../../arm-elf/lib/interwork/libc.a(writer.o)
 .bss           0x400009b0        0x0 /cygdrive/c/Embedded/GNUARM/bin/../lib/gcc/arm-elf/4.1.1/../../../../arm-elf/lib/interwork/libc.a(callocr.o)
 .bss           0x400009b0        0x0 /cygdrive/c/Embedded/GNUARM/bin/../lib/gcc/arm-elf/4.1.1/../../../../arm-elf/lib/interwork/libc.a(closer.o)
 .bss           0x400009b0        0x0 /cygdrive/c/Embedded/GNUARM/bin/../lib/gcc/arm-elf/4.1.1/../../../../arm-elf/lib/interwork/libc.a(errno.o)
 .bss           0x400009b0        0x0 /cygdrive/c/Embedded/GNUARM/bin/../lib/gcc/arm-elf/4.1.1/../../../../arm-elf/lib/interwork/libc.a(fclose.o)
 .bss           0x400009b0        0x0 /cygdrive/c/Embedded/GNUARM/bin/../lib/gcc/arm-elf/4.1.1/../../../../arm-elf/lib/interwork/libc.a(fstatr.o)
 .bss           0x400009b0        0x0 /cygdrive/c/Embedded/GNUARM/bin/../lib/gcc/arm-elf/4.1.1/../../../../arm-elf/lib/interwork/libc.a(lseekr.o)
 .bss           0x400009b0        0x0 /cygdrive/c/Embedded/GNUARM/bin/../lib/gcc/arm-elf/4.1.1/../../../../arm-elf/lib/interwork/libc.a(readr.o)
 .bss           0x400009b0        0x0 /cygdrive/c/Embedded/GNUARM/bin/../lib/gcc/arm-elf/4.1.1/../../../../arm-elf/lib/interwork/libc.a(reent.o)
 .bss           0x400009b0        0x0 /cygdrive/c/Embedded/GNUARM/bin/../lib/gcc/arm-elf/4.1.1/../../../../arm-elf/lib/interwork/libc.a(s_nan.o)
 .bss           0x400009b0        0x0 /cygdrive/c/Embedded/GNUARM/bin/../lib/gcc/arm-elf/4.1.1/interwork/libgcc.a(_addsubdf3.o)
 .bss           0x400009b0        0x0 /cygdrive/c/Embedded/GNUARM/bin/../lib/gcc/arm-elf/4.1.1/interwork/libgcc.a(_muldivdf3.o)
 .bss           0x400009b0        0x0 /cygdrive/c/Embedded/GNUARM/bin/../lib/gcc/arm-elf/4.1.1/interwork/libgcc.a(_cmpdf2.o)
 .bss           0x400009b0        0x0 /cygdrive/c/Embedded/GNUARM/bin/../lib/gcc/arm-elf/4.1.1/interwork/libgcc.a(_fixdfsi.o)
 .bss           0x400009b0        0x0 /cygdrive/c/Embedded/GNUARM/bin/../lib/gcc/arm-elf/4.1.1/interwork/libgcc.a(_truncdfsf2.o)
 *(COMMON)
 COMMON         0x400009b0        0x8 main.o
                0x400009b0                ms
                0x400009b4                losowosc
 COMMON         0x400009b8        0x8 startup/libea_startup_thumb.a(framework.o)
                0x400009b8                pHeapEnd
                0x400009bc                pHeapStart
 COMMON         0x400009c0        0x4 /cygdrive/c/Embedded/GNUARM/bin/../lib/gcc/arm-elf/4.1.1/../../../../arm-elf/lib/interwork/libc.a(reent.o)
                0x400009c0                errno
                0x400009c4                . = ALIGN (0x4)
                0x400009c4                . = ALIGN (0x4)
                0x400009c4                __bss_end = .
                0x400009c4                __bss_end__ = .
                0x400009c4                _end = .
                0x400009c4                PROVIDE (end, .)

.stab           0x00000000      0x3b4
 *(.stab)
 .stab          0x00000000      0x3b4 startup/libea_startup_thumb.a(startup.o)

.stabstr        0x00000000       0x5a
 *(.stabstr)
 .stabstr       0x00000000       0x5a startup/libea_startup_thumb.a(startup.o)

.stab.excl
 *(.stab.excl)

.stab.exclstr
 *(.stab.exclstr)

.stab.index
 *(.stab.index)

.stab.indexstr
 *(.stab.indexstr)

.comment        0x00000000      0x4c8
 *(.comment)
 .comment       0x00000000       0x12 main.o
 .comment       0x00000012       0x12 lcd.o
 .comment       0x00000024       0x12 lcd_hw.o
 .comment       0x00000036       0x12 additional.o
 .comment       0x00000048       0x12 adc.o
 .comment       0x0000005a       0x12 eeprom.o
 .comment       0x0000006c       0x12 i2c.o
 .comment       0x0000007e       0x12 startup/libea_startup_thumb.a(framework.o)
 .comment       0x00000090       0x12 startup/libea_startup_thumb.a(consol.o)
 .comment       0x000000a2       0x12 irq/irq_handler.a(irq_handler.o)
 .comment       0x000000b4       0x12 /cygdrive/c/Embedded/GNUARM/bin/../lib/gcc/arm-elf/4.1.1/interwork/libgcc.a(_muldi3.o)
 .comment       0x000000c6       0x12 /cygdrive/c/Embedded/GNUARM/bin/../lib/gcc/arm-elf/4.1.1/interwork/libgcc.a(_udivdi3.o)
 .comment       0x000000d8       0x12 /cygdrive/c/Embedded/GNUARM/bin/../lib/gcc/arm-elf/4.1.1/interwork/libgcc.a(_clz.o)
 .comment       0x000000ea       0x12 /cygdrive/c/Embedded/GNUARM/bin/../lib/gcc/arm-elf/4.1.1/../../../../arm-elf/lib/interwork/libc.a(atoi.o)
 .comment       0x000000fc       0x12 /cygdrive/c/Embedded/GNUARM/bin/../lib/gcc/arm-elf/4.1.1/../../../../arm-elf/lib/interwork/libc.a(memcpy.o)
 .comment       0x0000010e       0x12 /cygdrive/c/Embedded/GNUARM/bin/../lib/gcc/arm-elf/4.1.1/../../../../arm-elf/lib/interwork/libc.a(sprintf.o)
 .comment       0x00000120       0x12 /cygdrive/c/Embedded/GNUARM/bin/../lib/gcc/arm-elf/4.1.1/../../../../arm-elf/lib/interwork/libc.a(sscanf.o)
 .comment       0x00000132       0x12 /cygdrive/c/Embedded/GNUARM/bin/../lib/gcc/arm-elf/4.1.1/../../../../arm-elf/lib/interwork/libc.a(strlen.o)
 .comment       0x00000144       0x12 /cygdrive/c/Embedded/GNUARM/bin/../lib/gcc/arm-elf/4.1.1/../../../../arm-elf/lib/interwork/libc.a(strtol.o)
 .comment       0x00000156       0x12 /cygdrive/c/Embedded/GNUARM/bin/../lib/gcc/arm-elf/4.1.1/../../../../arm-elf/lib/interwork/libc.a(vfprintf.o)
 .comment       0x00000168       0x12 /cygdrive/c/Embedded/GNUARM/bin/../lib/gcc/arm-elf/4.1.1/../../../../arm-elf/lib/interwork/libc.a(vfscanf.o)
 .comment       0x0000017a       0x12 /cygdrive/c/Embedded/GNUARM/bin/../lib/gcc/arm-elf/4.1.1/../../../../arm-elf/lib/interwork/libc.a(wcrtomb.o)
 .comment       0x0000018c       0x12 /cygdrive/c/Embedded/GNUARM/bin/../lib/gcc/arm-elf/4.1.1/../../../../arm-elf/lib/interwork/libc.a(wcsrtombs.o)
 .comment       0x0000019e       0x12 /cygdrive/c/Embedded/GNUARM/bin/../lib/gcc/arm-elf/4.1.1/../../../../arm-elf/lib/interwork/libc.a(wctomb_r.o)
 .comment       0x000001b0       0x12 /cygdrive/c/Embedded/GNUARM/bin/../lib/gcc/arm-elf/4.1.1/../../../../arm-elf/lib/interwork/libc.a(wsetup.o)
 .comment       0x000001c2       0x12 /cygdrive/c/Embedded/GNUARM/bin/../lib/gcc/arm-elf/4.1.1/../../../../arm-elf/lib/interwork/libc.a(ctype_.o)
 .comment       0x000001d4       0x12 /cygdrive/c/Embedded/GNUARM/bin/../lib/gcc/arm-elf/4.1.1/../../../../arm-elf/lib/interwork/libc.a(dtoa.o)
 .comment       0x000001e6       0x12 /cygdrive/c/Embedded/GNUARM/bin/../lib/gcc/arm-elf/4.1.1/../../../../arm-elf/lib/interwork/libc.a(fflush.o)
 .comment       0x000001f8       0x12 /cygdrive/c/Embedded/GNUARM/bin/../lib/gcc/arm-elf/4.1.1/../../../../arm-elf/lib/interwork/libc.a(findfp.o)
 .comment       0x0000020a       0x12 /cygdrive/c/Embedded/GNUARM/bin/../lib/gcc/arm-elf/4.1.1/../../../../arm-elf/lib/interwork/libc.a(fread.o)
 .comment       0x0000021c       0x12 /cygdrive/c/Embedded/GNUARM/bin/../lib/gcc/arm-elf/4.1.1/../../../../arm-elf/lib/interwork/libc.a(freer.o)
 .comment       0x0000022e       0x12 /cygdrive/c/Embedded/GNUARM/bin/../lib/gcc/arm-elf/4.1.1/../../../../arm-elf/lib/interwork/libc.a(fvwrite.o)
 .comment       0x00000240       0x12 /cygdrive/c/Embedded/GNUARM/bin/../lib/gcc/arm-elf/4.1.1/../../../../arm-elf/lib/interwork/libc.a(fwalk.o)
 .comment       0x00000252       0x12 /cygdrive/c/Embedded/GNUARM/bin/../lib/gcc/arm-elf/4.1.1/../../../../arm-elf/lib/interwork/libc.a(impure.o)
 .comment       0x00000264       0x12 /cygdrive/c/Embedded/GNUARM/bin/../lib/gcc/arm-elf/4.1.1/../../../../arm-elf/lib/interwork/libc.a(iswspace.o)
 .comment       0x00000276       0x12 /cygdrive/c/Embedded/GNUARM/bin/../lib/gcc/arm-elf/4.1.1/../../../../arm-elf/lib/interwork/libc.a(locale.o)
 .comment       0x00000288       0x12 /cygdrive/c/Embedded/GNUARM/bin/../lib/gcc/arm-elf/4.1.1/../../../../arm-elf/lib/interwork/libc.a(makebuf.o)
 .comment       0x0000029a       0x12 /cygdrive/c/Embedded/GNUARM/bin/../lib/gcc/arm-elf/4.1.1/../../../../arm-elf/lib/interwork/libc.a(mallocr.o)
 .comment       0x000002ac       0x12 /cygdrive/c/Embedded/GNUARM/bin/../lib/gcc/arm-elf/4.1.1/../../../../arm-elf/lib/interwork/libc.a(mbrtowc.o)
 .comment       0x000002be       0x12 /cygdrive/c/Embedded/GNUARM/bin/../lib/gcc/arm-elf/4.1.1/../../../../arm-elf/lib/interwork/libc.a(mbtowc_r.o)
 .comment       0x000002d0       0x12 /cygdrive/c/Embedded/GNUARM/bin/../lib/gcc/arm-elf/4.1.1/../../../../arm-elf/lib/interwork/libc.a(memchr.o)
 .comment       0x000002e2       0x12 /cygdrive/c/Embedded/GNUARM/bin/../lib/gcc/arm-elf/4.1.1/../../../../arm-elf/lib/interwork/libc.a(memmove.o)
 .comment       0x000002f4       0x12 /cygdrive/c/Embedded/GNUARM/bin/../lib/gcc/arm-elf/4.1.1/../../../../arm-elf/lib/interwork/libc.a(memset.o)
 .comment       0x00000306       0x12 /cygdrive/c/Embedded/GNUARM/bin/../lib/gcc/arm-elf/4.1.1/../../../../arm-elf/lib/interwork/libc.a(mlock.o)
 .comment       0x00000318       0x12 /cygdrive/c/Embedded/GNUARM/bin/../lib/gcc/arm-elf/4.1.1/../../../../arm-elf/lib/interwork/libc.a(mprec.o)
 .comment       0x0000032a       0x12 /cygdrive/c/Embedded/GNUARM/bin/../lib/gcc/arm-elf/4.1.1/../../../../arm-elf/lib/interwork/libc.a(reallocr.o)
 .comment       0x0000033c       0x12 /cygdrive/c/Embedded/GNUARM/bin/../lib/gcc/arm-elf/4.1.1/../../../../arm-elf/lib/interwork/libc.a(refill.o)
 .comment       0x0000034e       0x12 /cygdrive/c/Embedded/GNUARM/bin/../lib/gcc/arm-elf/4.1.1/../../../../arm-elf/lib/interwork/libc.a(s_isinf.o)
 .comment       0x00000360       0x12 /cygdrive/c/Embedded/GNUARM/bin/../lib/gcc/arm-elf/4.1.1/../../../../arm-elf/lib/interwork/libc.a(s_isnan.o)
 .comment       0x00000372       0x12 /cygdrive/c/Embedded/GNUARM/bin/../lib/gcc/arm-elf/4.1.1/../../../../arm-elf/lib/interwork/libc.a(sbrkr.o)
 .comment       0x00000384       0x12 /cygdrive/c/Embedded/GNUARM/bin/../lib/gcc/arm-elf/4.1.1/../../../../arm-elf/lib/interwork/libc.a(sccl.o)
 .comment       0x00000396       0x12 /cygdrive/c/Embedded/GNUARM/bin/../lib/gcc/arm-elf/4.1.1/../../../../arm-elf/lib/interwork/libc.a(sf_nan.o)
 .comment       0x000003a8       0x12 /cygdrive/c/Embedded/GNUARM/bin/../lib/gcc/arm-elf/4.1.1/../../../../arm-elf/lib/interwork/libc.a(stdio.o)
 .comment       0x000003ba       0x12 /cygdrive/c/Embedded/GNUARM/bin/../lib/gcc/arm-elf/4.1.1/../../../../arm-elf/lib/interwork/libc.a(strcmp.o)
 .comment       0x000003cc       0x12 /cygdrive/c/Embedded/GNUARM/bin/../lib/gcc/arm-elf/4.1.1/../../../../arm-elf/lib/interwork/libc.a(strtod.o)
 .comment       0x000003de       0x12 /cygdrive/c/Embedded/GNUARM/bin/../lib/gcc/arm-elf/4.1.1/../../../../arm-elf/lib/interwork/libc.a(strtoul.o)
 .comment       0x000003f0       0x12 /cygdrive/c/Embedded/GNUARM/bin/../lib/gcc/arm-elf/4.1.1/../../../../arm-elf/lib/interwork/libc.a(syscalls.o)
 .comment       0x00000402       0x12 /cygdrive/c/Embedded/GNUARM/bin/../lib/gcc/arm-elf/4.1.1/../../../../arm-elf/lib/interwork/libc.a(ungetc.o)
 .comment       0x00000414       0x12 /cygdrive/c/Embedded/GNUARM/bin/../lib/gcc/arm-elf/4.1.1/../../../../arm-elf/lib/interwork/libc.a(writer.o)
 .comment       0x00000426       0x12 /cygdrive/c/Embedded/GNUARM/bin/../lib/gcc/arm-elf/4.1.1/../../../../arm-elf/lib/interwork/libc.a(callocr.o)
 .comment       0x00000438       0x12 /cygdrive/c/Embedded/GNUARM/bin/../lib/gcc/arm-elf/4.1.1/../../../../arm-elf/lib/interwork/libc.a(closer.o)
 .comment       0x0000044a       0x12 /cygdrive/c/Embedded/GNUARM/bin/../lib/gcc/arm-elf/4.1.1/../../../../arm-elf/lib/interwork/libc.a(errno.o)
 .comment       0x0000045c       0x12 /cygdrive/c/Embedded/GNUARM/bin/../lib/gcc/arm-elf/4.1.1/../../../../arm-elf/lib/interwork/libc.a(fclose.o)
 .comment       0x0000046e       0x12 /cygdrive/c/Embedded/GNUARM/bin/../lib/gcc/arm-elf/4.1.1/../../../../arm-elf/lib/interwork/libc.a(fstatr.o)
 .comment       0x00000480       0x12 /cygdrive/c/Embedded/GNUARM/bin/../lib/gcc/arm-elf/4.1.1/../../../../arm-elf/lib/interwork/libc.a(lseekr.o)
 .comment       0x00000492       0x12 /cygdrive/c/Embedded/GNUARM/bin/../lib/gcc/arm-elf/4.1.1/../../../../arm-elf/lib/interwork/libc.a(readr.o)
 .comment       0x000004a4       0x12 /cygdrive/c/Embedded/GNUARM/bin/../lib/gcc/arm-elf/4.1.1/../../../../arm-elf/lib/interwork/libc.a(reent.o)
 .comment       0x000004b6       0x12 /cygdrive/c/Embedded/GNUARM/bin/../lib/gcc/arm-elf/4.1.1/../../../../arm-elf/lib/interwork/libc.a(s_nan.o)

.debug
 *(.debug)

.line
 *(.line)

.debug_srcinfo
 *(.debug_srcinfo)

.debug_sfnames
 *(.debug_sfnames)

.debug_aranges  0x00000000      0x940
 *(.debug_aranges)
 .debug_aranges
                0x00000000       0x20 main.o
 .debug_aranges
                0x00000020       0x20 lcd.o
 .debug_aranges
                0x00000040       0x20 lcd_hw.o
 .debug_aranges
                0x00000060       0x20 additional.o
 .debug_aranges
                0x00000080       0x20 adc.o
 .debug_aranges
                0x000000a0       0x20 eeprom.o
 .debug_aranges
                0x000000c0       0x20 i2c.o
 .debug_aranges
                0x000000e0       0x20 startup/libea_startup_thumb.a(framework.o)
 .debug_aranges
                0x00000100       0x20 startup/libea_startup_thumb.a(consol.o)
 .debug_aranges
                0x00000120       0x20 irq/irq_handler.a(irq_handler.o)
 .debug_aranges
                0x00000140       0x20 /cygdrive/c/Embedded/GNUARM/bin/../lib/gcc/arm-elf/4.1.1/interwork/libgcc.a(_udivsi3.o)
 .debug_aranges
                0x00000160       0x20 /cygdrive/c/Embedded/GNUARM/bin/../lib/gcc/arm-elf/4.1.1/interwork/libgcc.a(_divsi3.o)
 .debug_aranges
                0x00000180       0x20 /cygdrive/c/Embedded/GNUARM/bin/../lib/gcc/arm-elf/4.1.1/interwork/libgcc.a(_umodsi3.o)
 .debug_aranges
                0x000001a0       0x20 /cygdrive/c/Embedded/GNUARM/bin/../lib/gcc/arm-elf/4.1.1/interwork/libgcc.a(_dvmd_tls.o)
 .debug_aranges
                0x000001c0       0x20 /cygdrive/c/Embedded/GNUARM/bin/../lib/gcc/arm-elf/4.1.1/interwork/libgcc.a(_muldi3.o)
 .debug_aranges
                0x000001e0       0x20 /cygdrive/c/Embedded/GNUARM/bin/../lib/gcc/arm-elf/4.1.1/interwork/libgcc.a(_udivdi3.o)
 .debug_aranges
                0x00000200       0x20 /cygdrive/c/Embedded/GNUARM/bin/../lib/gcc/arm-elf/4.1.1/../../../../arm-elf/lib/interwork/libc.a(atoi.o)
 .debug_aranges
                0x00000220       0x20 /cygdrive/c/Embedded/GNUARM/bin/../lib/gcc/arm-elf/4.1.1/../../../../arm-elf/lib/interwork/libc.a(memcpy.o)
 .debug_aranges
                0x00000240       0x20 /cygdrive/c/Embedded/GNUARM/bin/../lib/gcc/arm-elf/4.1.1/../../../../arm-elf/lib/interwork/libc.a(sprintf.o)
 .debug_aranges
                0x00000260       0x20 /cygdrive/c/Embedded/GNUARM/bin/../lib/gcc/arm-elf/4.1.1/../../../../arm-elf/lib/interwork/libc.a(sscanf.o)
 .debug_aranges
                0x00000280       0x20 /cygdrive/c/Embedded/GNUARM/bin/../lib/gcc/arm-elf/4.1.1/../../../../arm-elf/lib/interwork/libc.a(strlen.o)
 .debug_aranges
                0x000002a0       0x20 /cygdrive/c/Embedded/GNUARM/bin/../lib/gcc/arm-elf/4.1.1/../../../../arm-elf/lib/interwork/libc.a(strtol.o)
 .debug_aranges
                0x000002c0       0x20 /cygdrive/c/Embedded/GNUARM/bin/../lib/gcc/arm-elf/4.1.1/../../../../arm-elf/lib/interwork/libc.a(vfprintf.o)
 .debug_aranges
                0x000002e0       0x20 /cygdrive/c/Embedded/GNUARM/bin/../lib/gcc/arm-elf/4.1.1/../../../../arm-elf/lib/interwork/libc.a(vfscanf.o)
 .debug_aranges
                0x00000300       0x20 /cygdrive/c/Embedded/GNUARM/bin/../lib/gcc/arm-elf/4.1.1/../../../../arm-elf/lib/interwork/libc.a(wcrtomb.o)
 .debug_aranges
                0x00000320       0x20 /cygdrive/c/Embedded/GNUARM/bin/../lib/gcc/arm-elf/4.1.1/../../../../arm-elf/lib/interwork/libc.a(wcsrtombs.o)
 .debug_aranges
                0x00000340       0x20 /cygdrive/c/Embedded/GNUARM/bin/../lib/gcc/arm-elf/4.1.1/../../../../arm-elf/lib/interwork/libc.a(wctomb_r.o)
 .debug_aranges
                0x00000360       0x20 /cygdrive/c/Embedded/GNUARM/bin/../lib/gcc/arm-elf/4.1.1/../../../../arm-elf/lib/interwork/libc.a(wsetup.o)
 .debug_aranges
                0x00000380       0x20 /cygdrive/c/Embedded/GNUARM/bin/../lib/gcc/arm-elf/4.1.1/../../../../arm-elf/lib/interwork/libc.a(dtoa.o)
 .debug_aranges
                0x000003a0       0x20 /cygdrive/c/Embedded/GNUARM/bin/../lib/gcc/arm-elf/4.1.1/../../../../arm-elf/lib/interwork/libc.a(fflush.o)
 .debug_aranges
                0x000003c0       0x20 /cygdrive/c/Embedded/GNUARM/bin/../lib/gcc/arm-elf/4.1.1/../../../../arm-elf/lib/interwork/libc.a(findfp.o)
 .debug_aranges
                0x000003e0       0x20 /cygdrive/c/Embedded/GNUARM/bin/../lib/gcc/arm-elf/4.1.1/../../../../arm-elf/lib/interwork/libc.a(fread.o)
 .debug_aranges
                0x00000400       0x20 /cygdrive/c/Embedded/GNUARM/bin/../lib/gcc/arm-elf/4.1.1/../../../../arm-elf/lib/interwork/libc.a(freer.o)
 .debug_aranges
                0x00000420       0x20 /cygdrive/c/Embedded/GNUARM/bin/../lib/gcc/arm-elf/4.1.1/../../../../arm-elf/lib/interwork/libc.a(fvwrite.o)
 .debug_aranges
                0x00000440       0x20 /cygdrive/c/Embedded/GNUARM/bin/../lib/gcc/arm-elf/4.1.1/../../../../arm-elf/lib/interwork/libc.a(fwalk.o)
 .debug_aranges
                0x00000460       0x20 /cygdrive/c/Embedded/GNUARM/bin/../lib/gcc/arm-elf/4.1.1/../../../../arm-elf/lib/interwork/libc.a(iswspace.o)
 .debug_aranges
                0x00000480       0x20 /cygdrive/c/Embedded/GNUARM/bin/../lib/gcc/arm-elf/4.1.1/../../../../arm-elf/lib/interwork/libc.a(locale.o)
 .debug_aranges
                0x000004a0       0x20 /cygdrive/c/Embedded/GNUARM/bin/../lib/gcc/arm-elf/4.1.1/../../../../arm-elf/lib/interwork/libc.a(makebuf.o)
 .debug_aranges
                0x000004c0       0x20 /cygdrive/c/Embedded/GNUARM/bin/../lib/gcc/arm-elf/4.1.1/../../../../arm-elf/lib/interwork/libc.a(mallocr.o)
 .debug_aranges
                0x000004e0       0x20 /cygdrive/c/Embedded/GNUARM/bin/../lib/gcc/arm-elf/4.1.1/../../../../arm-elf/lib/interwork/libc.a(mbrtowc.o)
 .debug_aranges
                0x00000500       0x20 /cygdrive/c/Embedded/GNUARM/bin/../lib/gcc/arm-elf/4.1.1/../../../../arm-elf/lib/interwork/libc.a(mbtowc_r.o)
 .debug_aranges
                0x00000520       0x20 /cygdrive/c/Embedded/GNUARM/bin/../lib/gcc/arm-elf/4.1.1/../../../../arm-elf/lib/interwork/libc.a(memchr.o)
 .debug_aranges
                0x00000540       0x20 /cygdrive/c/Embedded/GNUARM/bin/../lib/gcc/arm-elf/4.1.1/../../../../arm-elf/lib/interwork/libc.a(memmove.o)
 .debug_aranges
                0x00000560       0x20 /cygdrive/c/Embedded/GNUARM/bin/../lib/gcc/arm-elf/4.1.1/../../../../arm-elf/lib/interwork/libc.a(memset.o)
 .debug_aranges
                0x00000580       0x20 /cygdrive/c/Embedded/GNUARM/bin/../lib/gcc/arm-elf/4.1.1/../../../../arm-elf/lib/interwork/libc.a(mlock.o)
 .debug_aranges
                0x000005a0       0x20 /cygdrive/c/Embedded/GNUARM/bin/../lib/gcc/arm-elf/4.1.1/../../../../arm-elf/lib/interwork/libc.a(mprec.o)
 .debug_aranges
                0x000005c0       0x20 /cygdrive/c/Embedded/GNUARM/bin/../lib/gcc/arm-elf/4.1.1/../../../../arm-elf/lib/interwork/libc.a(reallocr.o)
 .debug_aranges
                0x000005e0       0x20 /cygdrive/c/Embedded/GNUARM/bin/../lib/gcc/arm-elf/4.1.1/../../../../arm-elf/lib/interwork/libc.a(refill.o)
 .debug_aranges
                0x00000600       0x20 /cygdrive/c/Embedded/GNUARM/bin/../lib/gcc/arm-elf/4.1.1/../../../../arm-elf/lib/interwork/libc.a(s_isinf.o)
 .debug_aranges
                0x00000620       0x20 /cygdrive/c/Embedded/GNUARM/bin/../lib/gcc/arm-elf/4.1.1/../../../../arm-elf/lib/interwork/libc.a(s_isnan.o)
 .debug_aranges
                0x00000640       0x20 /cygdrive/c/Embedded/GNUARM/bin/../lib/gcc/arm-elf/4.1.1/../../../../arm-elf/lib/interwork/libc.a(sbrkr.o)
 .debug_aranges
                0x00000660       0x20 /cygdrive/c/Embedded/GNUARM/bin/../lib/gcc/arm-elf/4.1.1/../../../../arm-elf/lib/interwork/libc.a(sccl.o)
 .debug_aranges
                0x00000680       0x20 /cygdrive/c/Embedded/GNUARM/bin/../lib/gcc/arm-elf/4.1.1/../../../../arm-elf/lib/interwork/libc.a(sf_nan.o)
 .debug_aranges
                0x000006a0       0x20 /cygdrive/c/Embedded/GNUARM/bin/../lib/gcc/arm-elf/4.1.1/../../../../arm-elf/lib/interwork/libc.a(stdio.o)
 .debug_aranges
                0x000006c0       0x20 /cygdrive/c/Embedded/GNUARM/bin/../lib/gcc/arm-elf/4.1.1/../../../../arm-elf/lib/interwork/libc.a(strcmp.o)
 .debug_aranges
                0x000006e0       0x20 /cygdrive/c/Embedded/GNUARM/bin/../lib/gcc/arm-elf/4.1.1/../../../../arm-elf/lib/interwork/libc.a(strtod.o)
 .debug_aranges
                0x00000700       0x20 /cygdrive/c/Embedded/GNUARM/bin/../lib/gcc/arm-elf/4.1.1/../../../../arm-elf/lib/interwork/libc.a(strtoul.o)
 .debug_aranges
                0x00000720       0x20 /cygdrive/c/Embedded/GNUARM/bin/../lib/gcc/arm-elf/4.1.1/../../../../arm-elf/lib/interwork/libc.a(syscalls.o)
 .debug_aranges
                0x00000740       0x20 /cygdrive/c/Embedded/GNUARM/bin/../lib/gcc/arm-elf/4.1.1/../../../../arm-elf/lib/interwork/libc.a(ungetc.o)
 .debug_aranges
                0x00000760       0x20 /cygdrive/c/Embedded/GNUARM/bin/../lib/gcc/arm-elf/4.1.1/../../../../arm-elf/lib/interwork/libc.a(writer.o)
 .debug_aranges
                0x00000780       0x20 /cygdrive/c/Embedded/GNUARM/bin/../lib/gcc/arm-elf/4.1.1/../../../../arm-elf/lib/interwork/libc.a(callocr.o)
 .debug_aranges
                0x000007a0       0x20 /cygdrive/c/Embedded/GNUARM/bin/../lib/gcc/arm-elf/4.1.1/../../../../arm-elf/lib/interwork/libc.a(closer.o)
 .debug_aranges
                0x000007c0       0x20 /cygdrive/c/Embedded/GNUARM/bin/../lib/gcc/arm-elf/4.1.1/../../../../arm-elf/lib/interwork/libc.a(errno.o)
 .debug_aranges
                0x000007e0       0x20 /cygdrive/c/Embedded/GNUARM/bin/../lib/gcc/arm-elf/4.1.1/../../../../arm-elf/lib/interwork/libc.a(fclose.o)
 .debug_aranges
                0x00000800       0x20 /cygdrive/c/Embedded/GNUARM/bin/../lib/gcc/arm-elf/4.1.1/../../../../arm-elf/lib/interwork/libc.a(fstatr.o)
 .debug_aranges
                0x00000820       0x20 /cygdrive/c/Embedded/GNUARM/bin/../lib/gcc/arm-elf/4.1.1/../../../../arm-elf/lib/interwork/libc.a(lseekr.o)
 .debug_aranges
                0x00000840       0x20 /cygdrive/c/Embedded/GNUARM/bin/../lib/gcc/arm-elf/4.1.1/../../../../arm-elf/lib/interwork/libc.a(readr.o)
 .debug_aranges
                0x00000860       0x20 /cygdrive/c/Embedded/GNUARM/bin/../lib/gcc/arm-elf/4.1.1/../../../../arm-elf/lib/interwork/libc.a(reent.o)
 .debug_aranges
                0x00000880       0x20 /cygdrive/c/Embedded/GNUARM/bin/../lib/gcc/arm-elf/4.1.1/../../../../arm-elf/lib/interwork/libc.a(s_nan.o)
 .debug_aranges
                0x000008a0       0x20 /cygdrive/c/Embedded/GNUARM/bin/../lib/gcc/arm-elf/4.1.1/interwork/libgcc.a(_addsubdf3.o)
 .debug_aranges
                0x000008c0       0x20 /cygdrive/c/Embedded/GNUARM/bin/../lib/gcc/arm-elf/4.1.1/interwork/libgcc.a(_muldivdf3.o)
 .debug_aranges
                0x000008e0       0x20 /cygdrive/c/Embedded/GNUARM/bin/../lib/gcc/arm-elf/4.1.1/interwork/libgcc.a(_cmpdf2.o)
 .debug_aranges
                0x00000900       0x20 /cygdrive/c/Embedded/GNUARM/bin/../lib/gcc/arm-elf/4.1.1/interwork/libgcc.a(_fixdfsi.o)
 .debug_aranges
                0x00000920       0x20 /cygdrive/c/Embedded/GNUARM/bin/../lib/gcc/arm-elf/4.1.1/interwork/libgcc.a(_truncdfsf2.o)

.debug_pubnames
                0x00000000     0x114e
 *(.debug_pubnames)
 .debug_pubnames
                0x00000000       0x67 main.o
 .debug_pubnames
                0x00000067       0xe5 lcd.o
 .debug_pubnames
                0x0000014c       0x40 lcd_hw.o
 .debug_pubnames
                0x0000018c       0x28 additional.o
 .debug_pubnames
                0x000001b4       0x33 adc.o
 .debug_pubnames
                0x000001e7       0x64 eeprom.o
 .debug_pubnames
                0x0000024b       0xcc i2c.o
 .debug_pubnames
                0x00000317       0x68 startup/libea_startup_thumb.a(framework.o)
 .debug_pubnames
                0x0000037f       0xda startup/libea_startup_thumb.a(consol.o)
 .debug_pubnames
                0x00000459       0x2c irq/irq_handler.a(irq_handler.o)
 .debug_pubnames
                0x00000485       0x1f /cygdrive/c/Embedded/GNUARM/bin/../lib/gcc/arm-elf/4.1.1/interwork/libgcc.a(_muldi3.o)
 .debug_pubnames
                0x000004a4       0x20 /cygdrive/c/Embedded/GNUARM/bin/../lib/gcc/arm-elf/4.1.1/interwork/libgcc.a(_udivdi3.o)
 .debug_pubnames
                0x000004c4       0x20 /cygdrive/c/Embedded/GNUARM/bin/../lib/gcc/arm-elf/4.1.1/interwork/libgcc.a(_clz.o)
 .debug_pubnames
                0x000004e4       0x27 /cygdrive/c/Embedded/GNUARM/bin/../lib/gcc/arm-elf/4.1.1/../../../../arm-elf/lib/interwork/libc.a(atoi.o)
 .debug_pubnames
                0x0000050b       0x1d /cygdrive/c/Embedded/GNUARM/bin/../lib/gcc/arm-elf/4.1.1/../../../../arm-elf/lib/interwork/libc.a(memcpy.o)
 .debug_pubnames
                0x00000528       0x2d /cygdrive/c/Embedded/GNUARM/bin/../lib/gcc/arm-elf/4.1.1/../../../../arm-elf/lib/interwork/libc.a(sprintf.o)
 .debug_pubnames
                0x00000555       0x2b /cygdrive/c/Embedded/GNUARM/bin/../lib/gcc/arm-elf/4.1.1/../../../../arm-elf/lib/interwork/libc.a(sscanf.o)
 .debug_pubnames
                0x00000580       0x1d /cygdrive/c/Embedded/GNUARM/bin/../lib/gcc/arm-elf/4.1.1/../../../../arm-elf/lib/interwork/libc.a(strlen.o)
 .debug_pubnames
                0x0000059d       0x2b /cygdrive/c/Embedded/GNUARM/bin/../lib/gcc/arm-elf/4.1.1/../../../../arm-elf/lib/interwork/libc.a(strtol.o)
 .debug_pubnames
                0x000005c8       0x2f /cygdrive/c/Embedded/GNUARM/bin/../lib/gcc/arm-elf/4.1.1/../../../../arm-elf/lib/interwork/libc.a(vfprintf.o)
 .debug_pubnames
                0x000005f7       0x4d /cygdrive/c/Embedded/GNUARM/bin/../lib/gcc/arm-elf/4.1.1/../../../../arm-elf/lib/interwork/libc.a(vfscanf.o)
 .debug_pubnames
                0x00000644       0x2d /cygdrive/c/Embedded/GNUARM/bin/../lib/gcc/arm-elf/4.1.1/../../../../arm-elf/lib/interwork/libc.a(wcrtomb.o)
 .debug_pubnames
                0x00000671       0x31 /cygdrive/c/Embedded/GNUARM/bin/../lib/gcc/arm-elf/4.1.1/../../../../arm-elf/lib/interwork/libc.a(wcsrtombs.o)
 .debug_pubnames
                0x000006a2       0x20 /cygdrive/c/Embedded/GNUARM/bin/../lib/gcc/arm-elf/4.1.1/../../../../arm-elf/lib/interwork/libc.a(wctomb_r.o)
 .debug_pubnames
                0x000006c2       0x20 /cygdrive/c/Embedded/GNUARM/bin/../lib/gcc/arm-elf/4.1.1/../../../../arm-elf/lib/interwork/libc.a(wsetup.o)
 .debug_pubnames